MPLINK 4.30.01, Linker
Linker Map File - Created Thu Jun 07 12:36:00 2012

                                 Section Info
                  Section       Type    Address   Location Size(Bytes)
                ---------  ---------  ---------  ---------  ---------
               _entry_scn       code   0x000000    program   0x000006
              high_vector       code   0x000008    program   0x000006
               low_vector       code   0x000018    program   0x000006
                   .cinit    romdata   0x000020    program   0x00000e
    .code_BootPIC18NonJ.o       code   0x00002e    program   0x0004f8
       .code_usbctrltrf.o       code   0x000526    program   0x000318
             .code_usb9.o       code   0x00083e    program   0x00027c
              .code_hid.o       code   0x000aba    program   0x0001e6
           .code_usbdrv.o       code   0x000ca0    program   0x000138
        .romdata_usbdsc.o    romdata   0x000dd8    program   0x0000c2
               _cinit_scn       code   0x000e9a    program   0x00009e
             .code_main.o       code   0x000f38    program   0x000084
                    .code       code   0x000fbc    program   0x000020
             _startup_scn       code   0x000fdc    program   0x00001c
           .code___init.o       code   0x000ff8    program   0x000002
    .idata_usbctrltrf.o_i    romdata   0x000ffa    program   0x000000
    .romdata_usbctrltrf.o    romdata   0x000ffa    program   0x000000
        .idata_usbdrv.o_i    romdata   0x000ffa    program   0x000000
          .romdata_usb9.o    romdata   0x000ffa    program   0x000000
          .idata_usb9.o_i    romdata   0x000ffa    program   0x000000
        .idata_usbdsc.o_i    romdata   0x000ffa    program   0x000000
        .romdata_usbdrv.o    romdata   0x000ffa    program   0x000000
       .idata_usbmmap.o_i    romdata   0x000ffa    program   0x000000
       .romdata_usbmmap.o    romdata   0x000ffa    program   0x000000
 .romdata_BootPIC18NonJ.o    romdata   0x000ffa    program   0x000000
          .romdata_main.o    romdata   0x000ffa    program   0x000000
          .idata_main.o_i    romdata   0x000ffa    program   0x000002
           .romdata_hid.o    romdata   0x000ffa    program   0x000000
        .romdata___init.o    romdata   0x000ffa    program   0x000000
         .romdata_c018i.o    romdata   0x000ffa    program   0x000000
           .code_usbdsc.o       code   0x000ffc    program   0x000000
          .code_usbmmap.o       code   0x000ffc    program   0x000000
 .idata_BootPIC18NonJ.o_i    romdata   0x000ffc    program   0x000000
        .idata___init.o_i    romdata   0x000ffc    program   0x000000
           .idata_hid.o_i    romdata   0x000ffc    program   0x000000
            .code_c018i.o       code   0x000ffc    program   0x000000
         .idata_c018i.o_i    romdata   0x000ffc    program   0x000000
    .config_300000_main.o    romdata   0x300000    program   0x000001
    .config_300001_main.o    romdata   0x300001    program   0x000001
    .config_300002_main.o    romdata   0x300002    program   0x000001
    .config_300003_main.o    romdata   0x300003    program   0x000001
    .config_300005_main.o    romdata   0x300005    program   0x000001
    .config_300006_main.o    romdata   0x300006    program   0x000001
    .config_300008_main.o    romdata   0x300008    program   0x000001
    .config_300009_main.o    romdata   0x300009    program   0x000001
    .config_30000a_main.o    romdata   0x30000a    program   0x000001
    .config_30000b_main.o    romdata   0x30000b    program   0x000001
    .config_30000c_main.o    romdata   0x30000c    program   0x000001
    .config_30000d_main.o    romdata   0x30000d    program   0x000001
                 .tmpdata      udata   0x000000       data   0x000003
                MATH_DATA      udata   0x000003       data   0x000002
         SomeSectionName2      udata   0x000060       data   0x000040
           .udata_c018i.o      udata   0x0000a0       data   0x00000a
      .udata_usbctrltrf.o      udata   0x0000aa       data   0x000009
         .udata_usbmmap.o      udata   0x0000b3       data   0x000004
             .udata_hid.o      udata   0x0000b7       data   0x000003
            .idata_main.o      idata   0x0000ba       data   0x000002
          .udata_usbdrv.o      udata   0x0000bc       data   0x000001
          .idata___init.o      idata   0x0000bd       data   0x000000
          .udata___init.o      udata   0x0000bd       data   0x000000
   .idata_BootPIC18NonJ.o      idata   0x0000bd       data   0x000000
   .udata_BootPIC18NonJ.o      udata   0x0000bd       data   0x000000
         .idata_usbmmap.o      idata   0x0000bd       data   0x000000
          .idata_usbdsc.o      idata   0x0000bd       data   0x000000
          .udata_usbdsc.o      udata   0x0000bd       data   0x000000
          .idata_usbdrv.o      idata   0x0000bd       data   0x000000
      .idata_usbctrltrf.o      idata   0x0000bd       data   0x000000
            .idata_usb9.o      idata   0x0000bd       data   0x000000
            .udata_usb9.o      udata   0x0000bd       data   0x000000
            .udata_main.o      udata   0x0000bd       data   0x000000
             .idata_hid.o      idata   0x0000bd       data   0x000000
           .idata_c018i.o      idata   0x0000bd       data   0x000000
                   .stack      udata   0x000300       data   0x000070
         SomeSectionName1      udata   0x000370       data   0x00004b
         SomeSectionName3      udata   0x0003bb       data   0x000045
                     usb4      udata   0x000400       data   0x0000a0
            SFR_UNBANKED0      udata   0x000f66       data   0x00009a



                              Program Memory Usage 
                               Start         End      
                           ---------   ---------      
                            0x000000    0x000005      
                            0x000008    0x00000d      
                            0x000018    0x00001d      
                            0x000020    0x000ffb      
                            0x300000    0x300003      
                            0x300005    0x300006      
                            0x300008    0x30000d      
            4090 out of 24856 program addresses used, program memory utilization is 16%



                              Symbols - Sorted by Name
                     Name    Address   Location    Storage File                     
                ---------  ---------  ---------  --------- ---------                
           BlinkUSBStatus   0x000f82    program     extern C:\Documents and Settings\Gab\Mis documentos\Dropbox\KNOWLEDGE SHARING\Bootloader PIC\BootLoader C18 - Alux v1.1 (Firmware Non J)\main.c
          ClassReqHandler   0x000e98    program     extern C:\Documents and Settings\Gab\Mis documentos\Dropbox\KNOWLEDGE SHARING\Bootloader PIC\BootLoader C18 - Alux v1.1 (Firmware Non J)\usbdsc.c
               ClearArray   0x000dae    program     extern C:\Documents and Settings\Gab\Mis documentos\Dropbox\KNOWLEDGE SHARING\Bootloader PIC\BootLoader C18 - Alux v1.1 (Firmware Non J)\usbdrv.c
      HIDGetReportHandler   0x000b88    program     extern C:\Documents and Settings\Gab\Mis documentos\Dropbox\KNOWLEDGE SHARING\Bootloader PIC\BootLoader C18 - Alux v1.1 (Firmware Non J)\hid.c
                HIDInitEP   0x000b8c    program     extern C:\Documents and Settings\Gab\Mis documentos\Dropbox\KNOWLEDGE SHARING\Bootloader PIC\BootLoader C18 - Alux v1.1 (Firmware Non J)\hid.c
              HIDRxReport   0x000c16    program     extern C:\Documents and Settings\Gab\Mis documentos\Dropbox\KNOWLEDGE SHARING\Bootloader PIC\BootLoader C18 - Alux v1.1 (Firmware Non J)\hid.c
      HIDSetReportHandler   0x000b8a    program     extern C:\Documents and Settings\Gab\Mis documentos\Dropbox\KNOWLEDGE SHARING\Bootloader PIC\BootLoader C18 - Alux v1.1 (Firmware Non J)\hid.c
              HIDTxReport   0x000bb6    program     extern C:\Documents and Settings\Gab\Mis documentos\Dropbox\KNOWLEDGE SHARING\Bootloader PIC\BootLoader C18 - Alux v1.1 (Firmware Non J)\hid.c
         InitializeSystem   0x000f66    program     static C:\Documents and Settings\Gab\Mis documentos\Dropbox\KNOWLEDGE SHARING\Bootloader PIC\BootLoader C18 - Alux v1.1 (Firmware Non J)\main.c
                ProcessIO   0x000046    program     extern C:\Documents and Settings\Gab\Mis documentos\Dropbox\KNOWLEDGE SHARING\Bootloader PIC\BootLoader C18 - Alux v1.1 (Firmware Non J)\BootPIC18NonJ.c
        USBCheckBusStatus   0x000ca0    program     extern C:\Documents and Settings\Gab\Mis documentos\Dropbox\KNOWLEDGE SHARING\Bootloader PIC\BootLoader C18 - Alux v1.1 (Firmware Non J)\usbdrv.c
       USBCheckHIDRequest   0x000aba    program     extern C:\Documents and Settings\Gab\Mis documentos\Dropbox\KNOWLEDGE SHARING\Bootloader PIC\BootLoader C18 - Alux v1.1 (Firmware Non J)\hid.c
       USBCheckStdRequest   0x00083e    program     extern C:\Documents and Settings\Gab\Mis documentos\Dropbox\KNOWLEDGE SHARING\Bootloader PIC\BootLoader C18 - Alux v1.1 (Firmware Non J)\usb9.c
         USBCtrlEPService   0x000526    program     extern C:\Documents and Settings\Gab\Mis documentos\Dropbox\KNOWLEDGE SHARING\Bootloader PIC\BootLoader C18 - Alux v1.1 (Firmware Non J)\usbctrltrf.c
 USBCtrlEPServiceComplete   0x000772    program     extern C:\Documents and Settings\Gab\Mis documentos\Dropbox\KNOWLEDGE SHARING\Bootloader PIC\BootLoader C18 - Alux v1.1 (Firmware Non J)\usbctrltrf.c
      USBCtrlTrfInHandler   0x00063c    program     extern C:\Documents and Settings\Gab\Mis documentos\Dropbox\KNOWLEDGE SHARING\Bootloader PIC\BootLoader C18 - Alux v1.1 (Firmware Non J)\usbctrltrf.c
     USBCtrlTrfOutHandler   0x00060e    program     extern C:\Documents and Settings\Gab\Mis documentos\Dropbox\KNOWLEDGE SHARING\Bootloader PIC\BootLoader C18 - Alux v1.1 (Firmware Non J)\usbctrltrf.c
      USBCtrlTrfRxService   0x00071a    program     extern C:\Documents and Settings\Gab\Mis documentos\Dropbox\KNOWLEDGE SHARING\Bootloader PIC\BootLoader C18 - Alux v1.1 (Firmware Non J)\usbctrltrf.c
   USBCtrlTrfSetupHandler   0x0005a8    program     extern C:\Documents and Settings\Gab\Mis documentos\Dropbox\KNOWLEDGE SHARING\Bootloader PIC\BootLoader C18 - Alux v1.1 (Firmware Non J)\usbctrltrf.c
      USBCtrlTrfTxService   0x000680    program     extern C:\Documents and Settings\Gab\Mis documentos\Dropbox\KNOWLEDGE SHARING\Bootloader PIC\BootLoader C18 - Alux v1.1 (Firmware Non J)\usbctrltrf.c
         USBDriverService   0x000cca    program     extern C:\Documents and Settings\Gab\Mis documentos\Dropbox\KNOWLEDGE SHARING\Bootloader PIC\BootLoader C18 - Alux v1.1 (Firmware Non J)\usbdrv.c
          USBModuleEnable   0x000cbc    program     extern C:\Documents and Settings\Gab\Mis documentos\Dropbox\KNOWLEDGE SHARING\Bootloader PIC\BootLoader C18 - Alux v1.1 (Firmware Non J)\usbdrv.c
USBPrepareForNextSetupTrf   0x0007e4    program     extern C:\Documents and Settings\Gab\Mis documentos\Dropbox\KNOWLEDGE SHARING\Bootloader PIC\BootLoader C18 - Alux v1.1 (Firmware Non J)\usbctrltrf.c
  USBProtocolResetHandler   0x000d4e    program     extern C:\Documents and Settings\Gab\Mis documentos\Dropbox\KNOWLEDGE SHARING\Bootloader PIC\BootLoader C18 - Alux v1.1 (Firmware Non J)\usbdrv.c
          USBStallHandler   0x000d2e    program     extern C:\Documents and Settings\Gab\Mis documentos\Dropbox\KNOWLEDGE SHARING\Bootloader PIC\BootLoader C18 - Alux v1.1 (Firmware Non J)\usbdrv.c
  USBStdFeatureReqHandler   0x0009e4    program     extern C:\Documents and Settings\Gab\Mis documentos\Dropbox\KNOWLEDGE SHARING\Bootloader PIC\BootLoader C18 - Alux v1.1 (Firmware Non J)\usb9.c
      USBStdGetDscHandler   0x0008dc    program     extern C:\Documents and Settings\Gab\Mis documentos\Dropbox\KNOWLEDGE SHARING\Bootloader PIC\BootLoader C18 - Alux v1.1 (Firmware Non J)\usb9.c
   USBStdGetStatusHandler   0x000980    program     extern C:\Documents and Settings\Gab\Mis documentos\Dropbox\KNOWLEDGE SHARING\Bootloader PIC\BootLoader C18 - Alux v1.1 (Firmware Non J)\usb9.c
      USBStdSetCfgHandler   0x00094a    program     extern C:\Documents and Settings\Gab\Mis documentos\Dropbox\KNOWLEDGE SHARING\Bootloader PIC\BootLoader C18 - Alux v1.1 (Firmware Non J)\usb9.c
               USBSuspend   0x000d10    program     extern C:\Documents and Settings\Gab\Mis documentos\Dropbox\KNOWLEDGE SHARING\Bootloader PIC\BootLoader C18 - Alux v1.1 (Firmware Non J)\usbdrv.c
                 USBTasks   0x000f7a    program     extern C:\Documents and Settings\Gab\Mis documentos\Dropbox\KNOWLEDGE SHARING\Bootloader PIC\BootLoader C18 - Alux v1.1 (Firmware Non J)\main.c
       USBWakeFromSuspend   0x000d20    program     extern C:\Documents and Settings\Gab\Mis documentos\Dropbox\KNOWLEDGE SHARING\Bootloader PIC\BootLoader C18 - Alux v1.1 (Firmware Non J)\usbdrv.c
               USB_CD_Ptr   0x000e8e    program     extern C:\Documents and Settings\Gab\Mis documentos\Dropbox\KNOWLEDGE SHARING\Bootloader PIC\BootLoader C18 - Alux v1.1 (Firmware Non J)\usbdsc.c
               USB_SD_Ptr   0x000e92    program     extern C:\Documents and Settings\Gab\Mis documentos\Dropbox\KNOWLEDGE SHARING\Bootloader PIC\BootLoader C18 - Alux v1.1 (Firmware Non J)\usbdsc.c
        UnlockAndActivate   0x000512    program     extern C:\Documents and Settings\Gab\Mis documentos\Dropbox\KNOWLEDGE SHARING\Bootloader PIC\BootLoader C18 - Alux v1.1 (Firmware Non J)\BootPIC18NonJ.c
                 UserInit   0x00002e    program     extern C:\Documents and Settings\Gab\Mis documentos\Dropbox\KNOWLEDGE SHARING\Bootloader PIC\BootLoader C18 - Alux v1.1 (Firmware Non J)\BootPIC18NonJ.c
          WriteConfigBits   0x00048c    program     extern C:\Documents and Settings\Gab\Mis documentos\Dropbox\KNOWLEDGE SHARING\Bootloader PIC\BootLoader C18 - Alux v1.1 (Firmware Non J)\BootPIC18NonJ.c
              WriteEEPROM   0x0004d2    program     extern C:\Documents and Settings\Gab\Mis documentos\Dropbox\KNOWLEDGE SHARING\Bootloader PIC\BootLoader C18 - Alux v1.1 (Firmware Non J)\BootPIC18NonJ.c
          WriteFlashBlock   0x0003ca    program     extern C:\Documents and Settings\Gab\Mis documentos\Dropbox\KNOWLEDGE SHARING\Bootloader PIC\BootLoader C18 - Alux v1.1 (Firmware Non J)\BootPIC18NonJ.c
       ___case_2_lbl00008   0x0000be    program     static                          
       ___case_3_lbl00010   0x000172    program     static                          
       ___case_4_lbl00017   0x000188    program     static                          
       ___case_5_lbl00027   0x000218    program     static                          
       ___case_6_lbl00028   0x0002da    program     static                          
       ___case_7_lbl00038   0x0002ea    program     static                          
       ___case_8_lbl00044   0x00039e    program     static                          
           ___do_lbl00014   0x0001ec    program     static                          
           ___do_lbl00015   0x000204    program     static                          
           ___do_lbl00016   0x0001dc    program     static                          
         ___else_lbl00035   0x000348    program     static                          
         ___else_lbl00046   0x000094    program     static                          
         ___else_lbl00051   0x000430    program     static                          
         ___else_lbl00053   0x000436    program     static                          
          ___for_lbl00002   0x00008e    program     static                          
          ___for_lbl00003   0x000092    program     static                          
          ___for_lbl00004   0x00007a    program     static                          
          ___for_lbl00011   0x0001d0    program     static                          
          ___for_lbl00012   0x0001da    program     static                          
          ___for_lbl00013   0x000190    program     static                          
          ___for_lbl00022   0x0002d0    program     static                          
          ___for_lbl00023   0x0002d4    program     static                          
          ___for_lbl00025   0x000282    program     static                          
          ___for_lbl00029   0x000378    program     static                          
          ___for_lbl00030   0x00037c    program     static                          
          ___for_lbl00036   0x000312    program     static                          
          ___for_lbl00039   0x0003b8    program     static                          
          ___for_lbl00040   0x0003bc    program     static                          
          ___for_lbl00043   0x0003a4    program     static                          
          ___for_lbl00048   0x00043e    program     static                          
          ___for_lbl00049   0x000444    program     static                          
          ___for_lbl00054   0x0003fe    program     static                          
          ___for_lbl00055   0x000484    program     static                          
          ___for_lbl00056   0x00048a    program     static                          
          ___for_lbl00057   0x000450    program     static                          
          ___for_lbl00059   0x0004ca    program     static                          
          ___for_lbl00060   0x0004d0    program     static                          
          ___for_lbl00061   0x00049c    program     static                          
           ___if_lbl00003   0x000f48    program     static                          
           ___if_lbl00005   0x000092    program     static                          
           ___if_lbl00007   0x000170    program     static                          
           ___if_lbl00007   0x000f62    program     static                          
           ___if_lbl00009   0x000182    program     static                          
           ___if_lbl00018   0x000228    program     static                          
           ___if_lbl00019   0x00022e    program     static                          
           ___if_lbl00020   0x00023e    program     static                          
           ___if_lbl00021   0x00025e    program     static                          
           ___if_lbl00024   0x0002d0    program     static                          
           ___if_lbl00026   0x0002d4    program     static                          
           ___if_lbl00031   0x000358    program     static                          
           ___if_lbl00032   0x000360    program     static                          
           ___if_lbl00033   0x000360    program     static                          
           ___if_lbl00034   0x000378    program     static                          
           ___if_lbl00037   0x00039c    program     static                          
           ___if_lbl00045   0x0003c0    program     static                          
           ___if_lbl00050   0x000434    program     static                          
           ___if_lbl00052   0x00043e    program     static                          
       ___return_lbl00000   0x000004    program     static                          
       ___return_lbl00000   0x00000c    program     static                          
       ___return_lbl00001   0x0003c0    program     static                          
       ___return_lbl00001   0x00001c    program     static                          
       ___return_lbl00001   0x000ff6    program     static                          
       ___return_lbl00002   0x000f36    program     static                          
       ___return_lbl00002   0x000f64    program     static                          
       ___return_lbl00022   0x000d1e    program     static                          
       ___return_lbl00030   0x000dac    program     static                          
       ___return_lbl00033   0x000dd0    program     static                          
       ___return_lbl00047   0x00048a    program     static                          
       ___return_lbl00058   0x0004d0    program     static                          
       ___return_lbl00066   0x000524    program     static                          
   ___switchexit_lbl00006   0x0003c0    program     static                          
        ___while_lbl00004   0x000f4a    program     static                          
        ___while_lbl00005   0x000f64    program     static                          
        ___while_lbl00031   0x000d74    program     static                          
        ___while_lbl00032   0x000d82    program     static                          
        ___while_lbl00034   0x000dc2    program     static                          
        ___while_lbl00035   0x000dd0    program     static                          
        ___while_lbl00041   0x0003ac    program     static                          
        ___while_lbl00042   0x0003b8    program     static                          
        ___while_lbl00067   0x00051e    program     static                          
        ___while_lbl00068   0x000522    program     static                          
               __config_0   0x300000    program     static C:\Documents and Settings\Gab\Mis documentos\Dropbox\KNOWLEDGE SHARING\Bootloader PIC\BootLoader C18 - Alux v1.1 (Firmware Non J)\main.c
               __config_1   0x300001    program     static C:\Documents and Settings\Gab\Mis documentos\Dropbox\KNOWLEDGE SHARING\Bootloader PIC\BootLoader C18 - Alux v1.1 (Firmware Non J)\main.c
              __config_10   0x30000c    program     static C:\Documents and Settings\Gab\Mis documentos\Dropbox\KNOWLEDGE SHARING\Bootloader PIC\BootLoader C18 - Alux v1.1 (Firmware Non J)\main.c
              __config_11   0x30000d    program     static C:\Documents and Settings\Gab\Mis documentos\Dropbox\KNOWLEDGE SHARING\Bootloader PIC\BootLoader C18 - Alux v1.1 (Firmware Non J)\main.c
               __config_2   0x300002    program     static C:\Documents and Settings\Gab\Mis documentos\Dropbox\KNOWLEDGE SHARING\Bootloader PIC\BootLoader C18 - Alux v1.1 (Firmware Non J)\main.c
               __config_3   0x300003    program     static C:\Documents and Settings\Gab\Mis documentos\Dropbox\KNOWLEDGE SHARING\Bootloader PIC\BootLoader C18 - Alux v1.1 (Firmware Non J)\main.c
               __config_4   0x300005    program     static C:\Documents and Settings\Gab\Mis documentos\Dropbox\KNOWLEDGE SHARING\Bootloader PIC\BootLoader C18 - Alux v1.1 (Firmware Non J)\main.c
               __config_5   0x300006    program     static C:\Documents and Settings\Gab\Mis documentos\Dropbox\KNOWLEDGE SHARING\Bootloader PIC\BootLoader C18 - Alux v1.1 (Firmware Non J)\main.c
               __config_6   0x300008    program     static C:\Documents and Settings\Gab\Mis documentos\Dropbox\KNOWLEDGE SHARING\Bootloader PIC\BootLoader C18 - Alux v1.1 (Firmware Non J)\main.c
               __config_7   0x300009    program     static C:\Documents and Settings\Gab\Mis documentos\Dropbox\KNOWLEDGE SHARING\Bootloader PIC\BootLoader C18 - Alux v1.1 (Firmware Non J)\main.c
               __config_8   0x30000a    program     static C:\Documents and Settings\Gab\Mis documentos\Dropbox\KNOWLEDGE SHARING\Bootloader PIC\BootLoader C18 - Alux v1.1 (Firmware Non J)\main.c
               __config_9   0x30000b    program     static C:\Documents and Settings\Gab\Mis documentos\Dropbox\KNOWLEDGE SHARING\Bootloader PIC\BootLoader C18 - Alux v1.1 (Firmware Non J)\main.c
                   __init   0x000ff8    program     extern C:\MCC18\src\traditional\stdclib\__init.c
                   __pa_0   0x000c80    program     static C:\Documents and Settings\Gab\Mis documentos\Dropbox\KNOWLEDGE SHARING\Bootloader PIC\BootLoader C18 - Alux v1.1 (Firmware Non J)\hid.c
                   __pa_0   0x0007ee    program     static C:\Documents and Settings\Gab\Mis documentos\Dropbox\KNOWLEDGE SHARING\Bootloader PIC\BootLoader C18 - Alux v1.1 (Firmware Non J)\usbctrltrf.c
                   __pa_0   0x000a50    program     static C:\Documents and Settings\Gab\Mis documentos\Dropbox\KNOWLEDGE SHARING\Bootloader PIC\BootLoader C18 - Alux v1.1 (Firmware Non J)\usb9.c
                   __pa_1   0x000c98    program     static C:\Documents and Settings\Gab\Mis documentos\Dropbox\KNOWLEDGE SHARING\Bootloader PIC\BootLoader C18 - Alux v1.1 (Firmware Non J)\hid.c
                   __pa_1   0x0007fe    program     static C:\Documents and Settings\Gab\Mis documentos\Dropbox\KNOWLEDGE SHARING\Bootloader PIC\BootLoader C18 - Alux v1.1 (Firmware Non J)\usbctrltrf.c
                   __pa_1   0x000a68    program     static C:\Documents and Settings\Gab\Mis documentos\Dropbox\KNOWLEDGE SHARING\Bootloader PIC\BootLoader C18 - Alux v1.1 (Firmware Non J)\usb9.c
                   __pa_2   0x000a7a    program     static C:\Documents and Settings\Gab\Mis documentos\Dropbox\KNOWLEDGE SHARING\Bootloader PIC\BootLoader C18 - Alux v1.1 (Firmware Non J)\usb9.c
                   __pa_2   0x00080e    program     static C:\Documents and Settings\Gab\Mis documentos\Dropbox\KNOWLEDGE SHARING\Bootloader PIC\BootLoader C18 - Alux v1.1 (Firmware Non J)\usbctrltrf.c
                   __pa_3   0x000a8c    program     static C:\Documents and Settings\Gab\Mis documentos\Dropbox\KNOWLEDGE SHARING\Bootloader PIC\BootLoader C18 - Alux v1.1 (Firmware Non J)\usb9.c
                   __pa_3   0x00081c    program     static C:\Documents and Settings\Gab\Mis documentos\Dropbox\KNOWLEDGE SHARING\Bootloader PIC\BootLoader C18 - Alux v1.1 (Firmware Non J)\usbctrltrf.c
                   __pa_4   0x000826    program     static C:\Documents and Settings\Gab\Mis documentos\Dropbox\KNOWLEDGE SHARING\Bootloader PIC\BootLoader C18 - Alux v1.1 (Firmware Non J)\usbctrltrf.c
                   __pa_4   0x000a9c    program     static C:\Documents and Settings\Gab\Mis documentos\Dropbox\KNOWLEDGE SHARING\Bootloader PIC\BootLoader C18 - Alux v1.1 (Firmware Non J)\usb9.c
                   __pa_5   0x00082e    program     static C:\Documents and Settings\Gab\Mis documentos\Dropbox\KNOWLEDGE SHARING\Bootloader PIC\BootLoader C18 - Alux v1.1 (Firmware Non J)\usbctrltrf.c
                   __pa_5   0x000aaa    program     static C:\Documents and Settings\Gab\Mis documentos\Dropbox\KNOWLEDGE SHARING\Bootloader PIC\BootLoader C18 - Alux v1.1 (Firmware Non J)\usb9.c
                   __pa_6   0x000ab2    program     static C:\Documents and Settings\Gab\Mis documentos\Dropbox\KNOWLEDGE SHARING\Bootloader PIC\BootLoader C18 - Alux v1.1 (Firmware Non J)\usb9.c
               __tmplbl_0   0x000f5e    program     static                          
               __tmplbl_0   0x000250    program     static                          
               __tmplbl_1   0x000f58    program     static                          
               __tmplbl_1   0x00027e    program     static                          
            __zero_memory   0x000fbc    program     extern C:\MCC18\src\traditional\proc\p18F2455.asm
                _do_cinit   0x000e9a    program     extern C:\MCC18\src\traditional\startup\c018i.c
                   _entry   0x000000    program     extern C:\MCC18\src\traditional\startup\c018i.c
                 _startup   0x000fdc    program     extern C:\MCC18\src\traditional\startup\c018i.c
                    cfg01   0x000dea    program     extern C:\Documents and Settings\Gab\Mis documentos\Dropbox\KNOWLEDGE SHARING\Bootloader PIC\BootLoader C18 - Alux v1.1 (Firmware Non J)\usbdsc.c
                compare_l   0x000fd2    program     static C:\MCC18\src\traditional\proc\p18F2455.asm
                copy_loop   0x000f0c    program     static                          
            copy_one_byte   0x000f12    program     static                          
               device_dsc   0x000dd8    program     extern C:\Documents and Settings\Gab\Mis documentos\Dropbox\KNOWLEDGE SHARING\Bootloader PIC\BootLoader C18 - Alux v1.1 (Firmware Non J)\usbdsc.c
                     done   0x000f36    program     static                          
             done_copying   0x000f20    program     static                          
                hid_rpt01   0x000e71    program     extern C:\Documents and Settings\Gab\Mis documentos\Dropbox\KNOWLEDGE SHARING\Bootloader PIC\BootLoader C18 - Alux v1.1 (Firmware Non J)\usbdsc.c
 interrupt_at_high_vector   0x000008    program     extern C:\Documents and Settings\Gab\Mis documentos\Dropbox\KNOWLEDGE SHARING\Bootloader PIC\BootLoader C18 - Alux v1.1 (Firmware Non J)\main.c
  interrupt_at_low_vector   0x000018    program     extern C:\Documents and Settings\Gab\Mis documentos\Dropbox\KNOWLEDGE SHARING\Bootloader PIC\BootLoader C18 - Alux v1.1 (Firmware Non J)\main.c
                     loop   0x000fec    program     static                          
                   loop_h   0x000fca    program     static C:\MCC18\src\traditional\proc\p18F2455.asm
                   loop_l   0x000fd4    program     static C:\MCC18\src\traditional\proc\p18F2455.asm
                     main   0x000f38    program     extern C:\Documents and Settings\Gab\Mis documentos\Dropbox\KNOWLEDGE SHARING\Bootloader PIC\BootLoader C18 - Alux v1.1 (Firmware Non J)\main.c
                    sd000   0x000e13    program     extern C:\Documents and Settings\Gab\Mis documentos\Dropbox\KNOWLEDGE SHARING\Bootloader PIC\BootLoader C18 - Alux v1.1 (Firmware Non J)\usbdsc.c
                    sd001   0x000e17    program     extern C:\Documents and Settings\Gab\Mis documentos\Dropbox\KNOWLEDGE SHARING\Bootloader PIC\BootLoader C18 - Alux v1.1 (Firmware Non J)\usbdsc.c
                    sd002   0x000e4b    program     extern C:\Documents and Settings\Gab\Mis documentos\Dropbox\KNOWLEDGE SHARING\Bootloader PIC\BootLoader C18 - Alux v1.1 (Firmware Non J)\usbdsc.c
                     test   0x000eb4    program     static                          
               zero_block   0x000fca    program     static C:\MCC18\src\traditional\proc\p18F2455.asm
                   ADCON0   0x000fc2       data     extern C:\MCC18\src\traditional\proc\p18F2455.asm
               ADCON0bits   0x000fc2       data     extern C:\MCC18\src\traditional\proc\p18F2455.asm
                   ADCON1   0x000fc1       data     extern C:\MCC18\src\traditional\proc\p18F2455.asm
               ADCON1bits   0x000fc1       data     extern C:\MCC18\src\traditional\proc\p18F2455.asm
                   ADCON2   0x000fc0       data     extern C:\MCC18\src\traditional\proc\p18F2455.asm
               ADCON2bits   0x000fc0       data     extern C:\MCC18\src\traditional\proc\p18F2455.asm
                    ADRES   0x000fc3       data     extern C:\MCC18\src\traditional\proc\p18F2455.asm
                   ADRESH   0x000fc4       data     extern C:\MCC18\src\traditional\proc\p18F2455.asm
                   ADRESL   0x000fc3       data     extern C:\MCC18\src\traditional\proc\p18F2455.asm
                  BAUDCON   0x000fb8       data     extern C:\MCC18\src\traditional\proc\p18F2455.asm
              BAUDCONbits   0x000fb8       data     extern C:\MCC18\src\traditional\proc\p18F2455.asm
                      BSR   0x000fe0       data     extern C:\MCC18\src\traditional\proc\p18F2455.asm
                BootState   0x000373       data     extern C:\Documents and Settings\Gab\Mis documentos\Dropbox\KNOWLEDGE SHARING\Bootloader PIC\BootLoader C18 - Alux v1.1 (Firmware Non J)\BootPIC18NonJ.c
        BufferedDataIndex   0x000376       data     extern C:\Documents and Settings\Gab\Mis documentos\Dropbox\KNOWLEDGE SHARING\Bootloader PIC\BootLoader C18 - Alux v1.1 (Firmware Non J)\BootPIC18NonJ.c
     BytesTakenFromBuffer   0x0003fc       data     static C:\Documents and Settings\Gab\Mis documentos\Dropbox\KNOWLEDGE SHARING\Bootloader PIC\BootLoader C18 - Alux v1.1 (Firmware Non J)\BootPIC18NonJ.c
                   CCP1AS   0x000fb6       data     extern C:\MCC18\src\traditional\proc\p18F2455.asm
               CCP1ASbits   0x000fb6       data     extern C:\MCC18\src\traditional\proc\p18F2455.asm
                  CCP1CON   0x000fbd       data     extern C:\MCC18\src\traditional\proc\p18F2455.asm
              CCP1CONbits   0x000fbd       data     extern C:\MCC18\src\traditional\proc\p18F2455.asm
                  CCP1DEL   0x000fb7       data     extern C:\MCC18\src\traditional\proc\p18F2455.asm
              CCP1DELbits   0x000fb7       data     extern C:\MCC18\src\traditional\proc\p18F2455.asm
                  CCP2CON   0x000fba       data     extern C:\MCC18\src\traditional\proc\p18F2455.asm
              CCP2CONbits   0x000fba       data     extern C:\MCC18\src\traditional\proc\p18F2455.asm
                    CCPR1   0x000fbe       data     extern C:\MCC18\src\traditional\proc\p18F2455.asm
                   CCPR1H   0x000fbf       data     extern C:\MCC18\src\traditional\proc\p18F2455.asm
                   CCPR1L   0x000fbe       data     extern C:\MCC18\src\traditional\proc\p18F2455.asm
                    CCPR2   0x000fbb       data     extern C:\MCC18\src\traditional\proc\p18F2455.asm
                   CCPR2H   0x000fbc       data     extern C:\MCC18\src\traditional\proc\p18F2455.asm
                   CCPR2L   0x000fbb       data     extern C:\MCC18\src\traditional\proc\p18F2455.asm
                    CMCON   0x000fb4       data     extern C:\MCC18\src\traditional\proc\p18F2455.asm
                CMCONbits   0x000fb4       data     extern C:\MCC18\src\traditional\proc\p18F2455.asm
                   CVRCON   0x000fb5       data     extern C:\MCC18\src\traditional\proc\p18F2455.asm
               CVRCONbits   0x000fb5       data     extern C:\MCC18\src\traditional\proc\p18F2455.asm
         ConfigsLockValue   0x00037a       data     extern C:\Documents and Settings\Gab\Mis documentos\Dropbox\KNOWLEDGE SHARING\Bootloader PIC\BootLoader C18 - Alux v1.1 (Firmware Non J)\BootPIC18NonJ.c
         CorrectionFactor   0x0003fd       data     static C:\Documents and Settings\Gab\Mis documentos\Dropbox\KNOWLEDGE SHARING\Bootloader PIC\BootLoader C18 - Alux v1.1 (Firmware Non J)\BootPIC18NonJ.c
              CtrlTrfData   0x000418       data     extern C:\Documents and Settings\Gab\Mis documentos\Dropbox\KNOWLEDGE SHARING\Bootloader PIC\BootLoader C18 - Alux v1.1 (Firmware Non J)\usbmmap.c
                     DDRA   0x000f92       data     extern C:\MCC18\src\traditional\proc\p18F2455.asm
                 DDRAbits   0x000f92       data     extern C:\MCC18\src\traditional\proc\p18F2455.asm
                     DDRB   0x000f93       data     extern C:\MCC18\src\traditional\proc\p18F2455.asm
                 DDRBbits   0x000f93       data     extern C:\MCC18\src\traditional\proc\p18F2455.asm
                     DDRC   0x000f94       data     extern C:\MCC18\src\traditional\proc\p18F2455.asm
                 DDRCbits   0x000f94       data     extern C:\MCC18\src\traditional\proc\p18F2455.asm
                  ECCP1AS   0x000fb6       data     extern C:\MCC18\src\traditional\proc\p18F2455.asm
              ECCP1ASbits   0x000fb6       data     extern C:\MCC18\src\traditional\proc\p18F2455.asm
                 ECCP1DEL   0x000fb7       data     extern C:\MCC18\src\traditional\proc\p18F2455.asm
             ECCP1DELbits   0x000fb7       data     extern C:\MCC18\src\traditional\proc\p18F2455.asm
                    EEADR   0x000fa9       data     extern C:\MCC18\src\traditional\proc\p18F2455.asm
                   EECON1   0x000fa6       data     extern C:\MCC18\src\traditional\proc\p18F2455.asm
               EECON1bits   0x000fa6       data     extern C:\MCC18\src\traditional\proc\p18F2455.asm
                   EECON2   0x000fa7       data     extern C:\MCC18\src\traditional\proc\p18F2455.asm
                   EEDATA   0x000fa8       data     extern C:\MCC18\src\traditional\proc\p18F2455.asm
         ErasePageTracker   0x000374       data     extern C:\Documents and Settings\Gab\Mis documentos\Dropbox\KNOWLEDGE SHARING\Bootloader PIC\BootLoader C18 - Alux v1.1 (Firmware Non J)\BootPIC18NonJ.c
                     FSR0   0x000fe9       data     extern C:\MCC18\src\traditional\proc\p18F2455.asm
                    FSR0H   0x000fea       data     extern C:\MCC18\src\traditional\proc\p18F2455.asm
                    FSR0L   0x000fe9       data     extern C:\MCC18\src\traditional\proc\p18F2455.asm
                     FSR1   0x000fe1       data     extern C:\MCC18\src\traditional\proc\p18F2455.asm
                    FSR1H   0x000fe2       data     extern C:\MCC18\src\traditional\proc\p18F2455.asm
                    FSR1L   0x000fe1       data     extern C:\MCC18\src\traditional\proc\p18F2455.asm
                     FSR2   0x000fd9       data     extern C:\MCC18\src\traditional\proc\p18F2455.asm
                    FSR2H   0x000fda       data     extern C:\MCC18\src\traditional\proc\p18F2455.asm
                    FSR2L   0x000fd9       data     extern C:\MCC18\src\traditional\proc\p18F2455.asm
                  HLVDCON   0x000fd2       data     extern C:\MCC18\src\traditional\proc\p18F2455.asm
              HLVDCONbits   0x000fd2       data     extern C:\MCC18\src\traditional\proc\p18F2455.asm
                    INDF0   0x000fef       data     extern C:\MCC18\src\traditional\proc\p18F2455.asm
                    INDF1   0x000fe7       data     extern C:\MCC18\src\traditional\proc\p18F2455.asm
                    INDF2   0x000fdf       data     extern C:\MCC18\src\traditional\proc\p18F2455.asm
                   INTCON   0x000ff2       data     extern C:\MCC18\src\traditional\proc\p18F2455.asm
                  INTCON2   0x000ff1       data     extern C:\MCC18\src\traditional\proc\p18F2455.asm
              INTCON2bits   0x000ff1       data     extern C:\MCC18\src\traditional\proc\p18F2455.asm
                  INTCON3   0x000ff0       data     extern C:\MCC18\src\traditional\proc\p18F2455.asm
              INTCON3bits   0x000ff0       data     extern C:\MCC18\src\traditional\proc\p18F2455.asm
               INTCONbits   0x000ff2       data     extern C:\MCC18\src\traditional\proc\p18F2455.asm
                     IPR1   0x000f9f       data     extern C:\MCC18\src\traditional\proc\p18F2455.asm
                 IPR1bits   0x000f9f       data     extern C:\MCC18\src\traditional\proc\p18F2455.asm
                     IPR2   0x000fa2       data     extern C:\MCC18\src\traditional\proc\p18F2455.asm
                 IPR2bits   0x000fa2       data     extern C:\MCC18\src\traditional\proc\p18F2455.asm
                     LATA   0x000f89       data     extern C:\MCC18\src\traditional\proc\p18F2455.asm
                 LATAbits   0x000f89       data     extern C:\MCC18\src\traditional\proc\p18F2455.asm
                     LATB   0x000f8a       data     extern C:\MCC18\src\traditional\proc\p18F2455.asm
                 LATBbits   0x000f8a       data     extern C:\MCC18\src\traditional\proc\p18F2455.asm
                     LATC   0x000f8b       data     extern C:\MCC18\src\traditional\proc\p18F2455.asm
                 LATCbits   0x000f8b       data     extern C:\MCC18\src\traditional\proc\p18F2455.asm
                   LVDCON   0x000fd2       data     extern C:\MCC18\src\traditional\proc\p18F2455.asm
               LVDCONbits   0x000fd2       data     extern C:\MCC18\src\traditional\proc\p18F2455.asm
                   OSCCON   0x000fd3       data     extern C:\MCC18\src\traditional\proc\p18F2455.asm
               OSCCONbits   0x000fd3       data     extern C:\MCC18\src\traditional\proc\p18F2455.asm
                  OSCTUNE   0x000f9b       data     extern C:\MCC18\src\traditional\proc\p18F2455.asm
              OSCTUNEbits   0x000f9b       data     extern C:\MCC18\src\traditional\proc\p18F2455.asm
                       PC   0x000ff9       data     extern C:\MCC18\src\traditional\proc\p18F2455.asm
                      PCL   0x000ff9       data     extern C:\MCC18\src\traditional\proc\p18F2455.asm
                   PCLATH   0x000ffa       data     extern C:\MCC18\src\traditional\proc\p18F2455.asm
                   PCLATU   0x000ffb       data     extern C:\MCC18\src\traditional\proc\p18F2455.asm
                     PIE1   0x000f9d       data     extern C:\MCC18\src\traditional\proc\p18F2455.asm
                 PIE1bits   0x000f9d       data     extern C:\MCC18\src\traditional\proc\p18F2455.asm
                     PIE2   0x000fa0       data     extern C:\MCC18\src\traditional\proc\p18F2455.asm
                 PIE2bits   0x000fa0       data     extern C:\MCC18\src\traditional\proc\p18F2455.asm
                     PIR1   0x000f9e       data     extern C:\MCC18\src\traditional\proc\p18F2455.asm
                 PIR1bits   0x000f9e       data     extern C:\MCC18\src\traditional\proc\p18F2455.asm
                     PIR2   0x000fa1       data     extern C:\MCC18\src\traditional\proc\p18F2455.asm
                 PIR2bits   0x000fa1       data     extern C:\MCC18\src\traditional\proc\p18F2455.asm
                   PLUSW0   0x000feb       data     extern C:\MCC18\src\traditional\proc\p18F2455.asm
                   PLUSW1   0x000fe3       data     extern C:\MCC18\src\traditional\proc\p18F2455.asm
                   PLUSW2   0x000fdb       data     extern C:\MCC18\src\traditional\proc\p18F2455.asm
                    PORTA   0x000f80       data     extern C:\MCC18\src\traditional\proc\p18F2455.asm
                PORTAbits   0x000f80       data     extern C:\MCC18\src\traditional\proc\p18F2455.asm
                    PORTB   0x000f81       data     extern C:\MCC18\src\traditional\proc\p18F2455.asm
                PORTBbits   0x000f81       data     extern C:\MCC18\src\traditional\proc\p18F2455.asm
                    PORTC   0x000f82       data     extern C:\MCC18\src\traditional\proc\p18F2455.asm
                PORTCbits   0x000f82       data     extern C:\MCC18\src\traditional\proc\p18F2455.asm
                    PORTE   0x000f84       data     extern C:\MCC18\src\traditional\proc\p18F2455.asm
                PORTEbits   0x000f84       data     extern C:\MCC18\src\traditional\proc\p18F2455.asm
                 POSTDEC0   0x000fed       data     extern C:\MCC18\src\traditional\proc\p18F2455.asm
                 POSTDEC1   0x000fe5       data     extern C:\MCC18\src\traditional\proc\p18F2455.asm
                 POSTDEC2   0x000fdd       data     extern C:\MCC18\src\traditional\proc\p18F2455.asm
                 POSTINC0   0x000fee       data     extern C:\MCC18\src\traditional\proc\p18F2455.asm
                 POSTINC1   0x000fe6       data     extern C:\MCC18\src\traditional\proc\p18F2455.asm
                 POSTINC2   0x000fde       data     extern C:\MCC18\src\traditional\proc\p18F2455.asm
                      PR2   0x000fcb       data     extern C:\MCC18\src\traditional\proc\p18F2455.asm
                  PREINC0   0x000fec       data     extern C:\MCC18\src\traditional\proc\p18F2455.asm
                  PREINC1   0x000fe4       data     extern C:\MCC18\src\traditional\proc\p18F2455.asm
                  PREINC2   0x000fdc       data     extern C:\MCC18\src\traditional\proc\p18F2455.asm
                     PROD   0x000ff3       data     extern C:\MCC18\src\traditional\proc\p18F2455.asm
                    PRODH   0x000ff4       data     extern C:\MCC18\src\traditional\proc\p18F2455.asm
                    PRODL   0x000ff3       data     extern C:\MCC18\src\traditional\proc\p18F2455.asm
             PacketFromPC   0x000060       data     extern C:\Documents and Settings\Gab\Mis documentos\Dropbox\KNOWLEDGE SHARING\Bootloader PIC\BootLoader C18 - Alux v1.1 (Firmware Non J)\BootPIC18NonJ.c
               PacketToPC   0x0003bb       data     extern C:\Documents and Settings\Gab\Mis documentos\Dropbox\KNOWLEDGE SHARING\Bootloader PIC\BootLoader C18 - Alux v1.1 (Firmware Non J)\BootPIC18NonJ.c
    ProgramMemStopAddress   0x000370       data     extern C:\Documents and Settings\Gab\Mis documentos\Dropbox\KNOWLEDGE SHARING\Bootloader PIC\BootLoader C18 - Alux v1.1 (Firmware Non J)\BootPIC18NonJ.c
        ProgrammedPointer   0x000377       data     extern C:\Documents and Settings\Gab\Mis documentos\Dropbox\KNOWLEDGE SHARING\Bootloader PIC\BootLoader C18 - Alux v1.1 (Firmware Non J)\BootPIC18NonJ.c
        ProgrammingBuffer   0x00037b       data     extern C:\Documents and Settings\Gab\Mis documentos\Dropbox\KNOWLEDGE SHARING\Bootloader PIC\BootLoader C18 - Alux v1.1 (Firmware Non J)\BootPIC18NonJ.c
                     RCON   0x000fd0       data     extern C:\MCC18\src\traditional\proc\p18F2455.asm
                 RCONbits   0x000fd0       data     extern C:\MCC18\src\traditional\proc\p18F2455.asm
                    RCREG   0x000fae       data     extern C:\MCC18\src\traditional\proc\p18F2455.asm
                    RCSTA   0x000fab       data     extern C:\MCC18\src\traditional\proc\p18F2455.asm
                RCSTAbits   0x000fab       data     extern C:\MCC18\src\traditional\proc\p18F2455.asm
                     SIGN   0x000003       data     extern C:\MCC18\src\traditional\math\cmath18.asm
                    SPBRG   0x000faf       data     extern C:\MCC18\src\traditional\proc\p18F2455.asm
                   SPBRGH   0x000fb0       data     extern C:\MCC18\src\traditional\proc\p18F2455.asm
                   SSPADD   0x000fc8       data     extern C:\MCC18\src\traditional\proc\p18F2455.asm
                   SSPBUF   0x000fc9       data     extern C:\MCC18\src\traditional\proc\p18F2455.asm
                  SSPCON1   0x000fc6       data     extern C:\MCC18\src\traditional\proc\p18F2455.asm
              SSPCON1bits   0x000fc6       data     extern C:\MCC18\src\traditional\proc\p18F2455.asm
                  SSPCON2   0x000fc5       data     extern C:\MCC18\src\traditional\proc\p18F2455.asm
              SSPCON2bits   0x000fc5       data     extern C:\MCC18\src\traditional\proc\p18F2455.asm
                  SSPSTAT   0x000fc7       data     extern C:\MCC18\src\traditional\proc\p18F2455.asm
              SSPSTATbits   0x000fc7       data     extern C:\MCC18\src\traditional\proc\p18F2455.asm
                   STATUS   0x000fd8       data     extern C:\MCC18\src\traditional\proc\p18F2455.asm
               STATUSbits   0x000fd8       data     extern C:\MCC18\src\traditional\proc\p18F2455.asm
                   STKPTR   0x000ffc       data     extern C:\MCC18\src\traditional\proc\p18F2455.asm
               STKPTRbits   0x000ffc       data     extern C:\MCC18\src\traditional\proc\p18F2455.asm
                 SetupPkt   0x000410       data     extern C:\Documents and Settings\Gab\Mis documentos\Dropbox\KNOWLEDGE SHARING\Bootloader PIC\BootLoader C18 - Alux v1.1 (Firmware Non J)\usbmmap.c
                    T0CON   0x000fd5       data     extern C:\MCC18\src\traditional\proc\p18F2455.asm
                T0CONbits   0x000fd5       data     extern C:\MCC18\src\traditional\proc\p18F2455.asm
                    T1CON   0x000fcd       data     extern C:\MCC18\src\traditional\proc\p18F2455.asm
                T1CONbits   0x000fcd       data     extern C:\MCC18\src\traditional\proc\p18F2455.asm
                    T2CON   0x000fca       data     extern C:\MCC18\src\traditional\proc\p18F2455.asm
                T2CONbits   0x000fca       data     extern C:\MCC18\src\traditional\proc\p18F2455.asm
                    T3CON   0x000fb1       data     extern C:\MCC18\src\traditional\proc\p18F2455.asm
                T3CONbits   0x000fb1       data     extern C:\MCC18\src\traditional\proc\p18F2455.asm
                   TABLAT   0x000ff5       data     extern C:\MCC18\src\traditional\proc\p18F2455.asm
                   TBLPTR   0x000ff6       data     extern C:\MCC18\src\traditional\proc\p18F2455.asm
                  TBLPTRH   0x000ff7       data     extern C:\MCC18\src\traditional\proc\p18F2455.asm
                  TBLPTRL   0x000ff6       data     extern C:\MCC18\src\traditional\proc\p18F2455.asm
                  TBLPTRU   0x000ff8       data     extern C:\MCC18\src\traditional\proc\p18F2455.asm
                    TMR0H   0x000fd7       data     extern C:\MCC18\src\traditional\proc\p18F2455.asm
                    TMR0L   0x000fd6       data     extern C:\MCC18\src\traditional\proc\p18F2455.asm
                    TMR1H   0x000fcf       data     extern C:\MCC18\src\traditional\proc\p18F2455.asm
                    TMR1L   0x000fce       data     extern C:\MCC18\src\traditional\proc\p18F2455.asm
                     TMR2   0x000fcc       data     extern C:\MCC18\src\traditional\proc\p18F2455.asm
                    TMR3H   0x000fb3       data     extern C:\MCC18\src\traditional\proc\p18F2455.asm
                    TMR3L   0x000fb2       data     extern C:\MCC18\src\traditional\proc\p18F2455.asm
                      TOS   0x000ffd       data     extern C:\MCC18\src\traditional\proc\p18F2455.asm
                     TOSH   0x000ffe       data     extern C:\MCC18\src\traditional\proc\p18F2455.asm
                     TOSL   0x000ffd       data     extern C:\MCC18\src\traditional\proc\p18F2455.asm
                     TOSU   0x000fff       data     extern C:\MCC18\src\traditional\proc\p18F2455.asm
                    TRISA   0x000f92       data     extern C:\MCC18\src\traditional\proc\p18F2455.asm
                TRISAbits   0x000f92       data     extern C:\MCC18\src\traditional\proc\p18F2455.asm
                    TRISB   0x000f93       data     extern C:\MCC18\src\traditional\proc\p18F2455.asm
                TRISBbits   0x000f93       data     extern C:\MCC18\src\traditional\proc\p18F2455.asm
                    TRISC   0x000f94       data     extern C:\MCC18\src\traditional\proc\p18F2455.asm
                TRISCbits   0x000f94       data     extern C:\MCC18\src\traditional\proc\p18F2455.asm
                    TXREG   0x000fad       data     extern C:\MCC18\src\traditional\proc\p18F2455.asm
                    TXSTA   0x000fac       data     extern C:\MCC18\src\traditional\proc\p18F2455.asm
                TXSTAbits   0x000fac       data     extern C:\MCC18\src\traditional\proc\p18F2455.asm
                    UADDR   0x000f6e       data     extern C:\MCC18\src\traditional\proc\p18F2455.asm
                UADDRbits   0x000f6e       data     extern C:\MCC18\src\traditional\proc\p18F2455.asm
                     UCFG   0x000f6f       data     extern C:\MCC18\src\traditional\proc\p18F2455.asm
                 UCFGbits   0x000f6f       data     extern C:\MCC18\src\traditional\proc\p18F2455.asm
                     UCON   0x000f6d       data     extern C:\MCC18\src\traditional\proc\p18F2455.asm
                 UCONbits   0x000f6d       data     extern C:\MCC18\src\traditional\proc\p18F2455.asm
                     UEIE   0x000f6b       data     extern C:\MCC18\src\traditional\proc\p18F2455.asm
                 UEIEbits   0x000f6b       data     extern C:\MCC18\src\traditional\proc\p18F2455.asm
                     UEIR   0x000f6a       data     extern C:\MCC18\src\traditional\proc\p18F2455.asm
                 UEIRbits   0x000f6a       data     extern C:\MCC18\src\traditional\proc\p18F2455.asm
                     UEP0   0x000f70       data     extern C:\MCC18\src\traditional\proc\p18F2455.asm
                 UEP0bits   0x000f70       data     extern C:\MCC18\src\traditional\proc\p18F2455.asm
                     UEP1   0x000f71       data     extern C:\MCC18\src\traditional\proc\p18F2455.asm
                    UEP10   0x000f7a       data     extern C:\MCC18\src\traditional\proc\p18F2455.asm
                UEP10bits   0x000f7a       data     extern C:\MCC18\src\traditional\proc\p18F2455.asm
                    UEP11   0x000f7b       data     extern C:\MCC18\src\traditional\proc\p18F2455.asm
                UEP11bits   0x000f7b       data     extern C:\MCC18\src\traditional\proc\p18F2455.asm
                    UEP12   0x000f7c       data     extern C:\MCC18\src\traditional\proc\p18F2455.asm
                UEP12bits   0x000f7c       data     extern C:\MCC18\src\traditional\proc\p18F2455.asm
                    UEP13   0x000f7d       data     extern C:\MCC18\src\traditional\proc\p18F2455.asm
                UEP13bits   0x000f7d       data     extern C:\MCC18\src\traditional\proc\p18F2455.asm
                    UEP14   0x000f7e       data     extern C:\MCC18\src\traditional\proc\p18F2455.asm
                UEP14bits   0x000f7e       data     extern C:\MCC18\src\traditional\proc\p18F2455.asm
                    UEP15   0x000f7f       data     extern C:\MCC18\src\traditional\proc\p18F2455.asm
                UEP15bits   0x000f7f       data     extern C:\MCC18\src\traditional\proc\p18F2455.asm
                 UEP1bits   0x000f71       data     extern C:\MCC18\src\traditional\proc\p18F2455.asm
                     UEP2   0x000f72       data     extern C:\MCC18\src\traditional\proc\p18F2455.asm
                 UEP2bits   0x000f72       data     extern C:\MCC18\src\traditional\proc\p18F2455.asm
                     UEP3   0x000f73       data     extern C:\MCC18\src\traditional\proc\p18F2455.asm
                 UEP3bits   0x000f73       data     extern C:\MCC18\src\traditional\proc\p18F2455.asm
                     UEP4   0x000f74       data     extern C:\MCC18\src\traditional\proc\p18F2455.asm
                 UEP4bits   0x000f74       data     extern C:\MCC18\src\traditional\proc\p18F2455.asm
                     UEP5   0x000f75       data     extern C:\MCC18\src\traditional\proc\p18F2455.asm
                 UEP5bits   0x000f75       data     extern C:\MCC18\src\traditional\proc\p18F2455.asm
                     UEP6   0x000f76       data     extern C:\MCC18\src\traditional\proc\p18F2455.asm
                 UEP6bits   0x000f76       data     extern C:\MCC18\src\traditional\proc\p18F2455.asm
                     UEP7   0x000f77       data     extern C:\MCC18\src\traditional\proc\p18F2455.asm
                 UEP7bits   0x000f77       data     extern C:\MCC18\src\traditional\proc\p18F2455.asm
                     UEP8   0x000f78       data     extern C:\MCC18\src\traditional\proc\p18F2455.asm
                 UEP8bits   0x000f78       data     extern C:\MCC18\src\traditional\proc\p18F2455.asm
                     UEP9   0x000f79       data     extern C:\MCC18\src\traditional\proc\p18F2455.asm
                 UEP9bits   0x000f79       data     extern C:\MCC18\src\traditional\proc\p18F2455.asm
                     UFRM   0x000f66       data     extern C:\MCC18\src\traditional\proc\p18F2455.asm
                    UFRMH   0x000f67       data     extern C:\MCC18\src\traditional\proc\p18F2455.asm
                UFRMHbits   0x000f67       data     extern C:\MCC18\src\traditional\proc\p18F2455.asm
                    UFRML   0x000f66       data     extern C:\MCC18\src\traditional\proc\p18F2455.asm
                UFRMLbits   0x000f66       data     extern C:\MCC18\src\traditional\proc\p18F2455.asm
                      UIE   0x000f69       data     extern C:\MCC18\src\traditional\proc\p18F2455.asm
                  UIEbits   0x000f69       data     extern C:\MCC18\src\traditional\proc\p18F2455.asm
                      UIR   0x000f68       data     extern C:\MCC18\src\traditional\proc\p18F2455.asm
                  UIRbits   0x000f68       data     extern C:\MCC18\src\traditional\proc\p18F2455.asm
                    USTAT   0x000f6c       data     extern C:\MCC18\src\traditional\proc\p18F2455.asm
                USTATbits   0x000f6c       data     extern C:\MCC18\src\traditional\proc\p18F2455.asm
                   WDTCON   0x000fd1       data     extern C:\MCC18\src\traditional\proc\p18F2455.asm
               WDTCONbits   0x000fd1       data     extern C:\MCC18\src\traditional\proc\p18F2455.asm
                     WREG   0x000fe8       data     extern C:\MCC18\src\traditional\proc\p18F2455.asm
                __FPFLAGS   0x000004       data     extern C:\MCC18\src\traditional\math\cmath18.asm
            __FPFLAGSbits   0x000004       data     extern C:\MCC18\src\traditional\math\cmath18.asm
                  __tmp_0   0x000000       data     static C:\Documents and Settings\Gab\Mis documentos\Dropbox\KNOWLEDGE SHARING\Bootloader PIC\BootLoader C18 - Alux v1.1 (Firmware Non J)\BootPIC18NonJ.c
                  __tmp_0   0x000000       data     static C:\Documents and Settings\Gab\Mis documentos\Dropbox\KNOWLEDGE SHARING\Bootloader PIC\BootLoader C18 - Alux v1.1 (Firmware Non J)\hid.c
                  __tmp_0   0x000000       data     static C:\Documents and Settings\Gab\Mis documentos\Dropbox\KNOWLEDGE SHARING\Bootloader PIC\BootLoader C18 - Alux v1.1 (Firmware Non J)\usb9.c
                  __tmp_0   0x000000       data     static C:\Documents and Settings\Gab\Mis documentos\Dropbox\KNOWLEDGE SHARING\Bootloader PIC\BootLoader C18 - Alux v1.1 (Firmware Non J)\usbctrltrf.c
          active_protocol   0x0000b8       data     extern C:\Documents and Settings\Gab\Mis documentos\Dropbox\KNOWLEDGE SHARING\Bootloader PIC\BootLoader C18 - Alux v1.1 (Firmware Non J)\hid.c
              bTRNIFCount   0x0000bc       data     extern C:\Documents and Settings\Gab\Mis documentos\Dropbox\KNOWLEDGE SHARING\Bootloader PIC\BootLoader C18 - Alux v1.1 (Firmware Non J)\usbdrv.c
   ctrl_trf_session_owner   0x0000ab       data     extern C:\Documents and Settings\Gab\Mis documentos\Dropbox\KNOWLEDGE SHARING\Bootloader PIC\BootLoader C18 - Alux v1.1 (Firmware Non J)\usbctrltrf.c
           ctrl_trf_state   0x0000aa       data     extern C:\Documents and Settings\Gab\Mis documentos\Dropbox\KNOWLEDGE SHARING\Bootloader PIC\BootLoader C18 - Alux v1.1 (Firmware Non J)\usbctrltrf.c
                curr_byte   0x0000a3       data     static C:\MCC18\src\traditional\startup\c018i.c
               curr_entry   0x0000a5       data     static C:\MCC18\src\traditional\startup\c018i.c
                 data_ptr   0x0000a7       data     static C:\MCC18\src\traditional\startup\c018i.c
                    ep0Bi   0x000404       data     extern C:\Documents and Settings\Gab\Mis documentos\Dropbox\KNOWLEDGE SHARING\Bootloader PIC\BootLoader C18 - Alux v1.1 (Firmware Non J)\usbmmap.c
                    ep0Bo   0x000400       data     extern C:\Documents and Settings\Gab\Mis documentos\Dropbox\KNOWLEDGE SHARING\Bootloader PIC\BootLoader C18 - Alux v1.1 (Firmware Non J)\usbmmap.c
                    ep1Bi   0x00040c       data     extern C:\Documents and Settings\Gab\Mis documentos\Dropbox\KNOWLEDGE SHARING\Bootloader PIC\BootLoader C18 - Alux v1.1 (Firmware Non J)\usbmmap.c
                    ep1Bo   0x000408       data     extern C:\Documents and Settings\Gab\Mis documentos\Dropbox\KNOWLEDGE SHARING\Bootloader PIC\BootLoader C18 - Alux v1.1 (Firmware Non J)\usbmmap.c
            hid_report_in   0x000460       data     extern C:\Documents and Settings\Gab\Mis documentos\Dropbox\KNOWLEDGE SHARING\Bootloader PIC\BootLoader C18 - Alux v1.1 (Firmware Non J)\usbmmap.c
           hid_report_out   0x000420       data     extern C:\Documents and Settings\Gab\Mis documentos\Dropbox\KNOWLEDGE SHARING\Bootloader PIC\BootLoader C18 - Alux v1.1 (Firmware Non J)\usbmmap.c
           hid_rpt_rx_len   0x0000b9       data     extern C:\Documents and Settings\Gab\Mis documentos\Dropbox\KNOWLEDGE SHARING\Bootloader PIC\BootLoader C18 - Alux v1.1 (Firmware Non J)\hid.c
                        i   0x0003fb       data     static C:\Documents and Settings\Gab\Mis documentos\Dropbox\KNOWLEDGE SHARING\Bootloader PIC\BootLoader C18 - Alux v1.1 (Firmware Non J)\BootPIC18NonJ.c
                        i   0x0003fe       data     static C:\Documents and Settings\Gab\Mis documentos\Dropbox\KNOWLEDGE SHARING\Bootloader PIC\BootLoader C18 - Alux v1.1 (Firmware Non J)\BootPIC18NonJ.c
                        i   0x0003ff       data     static C:\Documents and Settings\Gab\Mis documentos\Dropbox\KNOWLEDGE SHARING\Bootloader PIC\BootLoader C18 - Alux v1.1 (Firmware Non J)\BootPIC18NonJ.c
                idle_rate   0x0000b7       data     extern C:\Documents and Settings\Gab\Mis documentos\Dropbox\KNOWLEDGE SHARING\Bootloader PIC\BootLoader C18 - Alux v1.1 (Firmware Non J)\hid.c
                led_count   0x0000ba       data     static C:\Documents and Settings\Gab\Mis documentos\Dropbox\KNOWLEDGE SHARING\Bootloader PIC\BootLoader C18 - Alux v1.1 (Firmware Non J)\main.c
                     pDst   0x0000ae       data     extern C:\Documents and Settings\Gab\Mis documentos\Dropbox\KNOWLEDGE SHARING\Bootloader PIC\BootLoader C18 - Alux v1.1 (Firmware Non J)\usbctrltrf.c
                     pSrc   0x0000ac       data     extern C:\Documents and Settings\Gab\Mis documentos\Dropbox\KNOWLEDGE SHARING\Bootloader PIC\BootLoader C18 - Alux v1.1 (Firmware Non J)\usbctrltrf.c
                     prom   0x0000a0       data     static C:\MCC18\src\traditional\startup\c018i.c
         short_pkt_status   0x0000b2       data     extern C:\Documents and Settings\Gab\Mis documentos\Dropbox\KNOWLEDGE SHARING\Bootloader PIC\BootLoader C18 - Alux v1.1 (Firmware Non J)\usbctrltrf.c
           usb_active_cfg   0x0000b5       data     extern C:\Documents and Settings\Gab\Mis documentos\Dropbox\KNOWLEDGE SHARING\Bootloader PIC\BootLoader C18 - Alux v1.1 (Firmware Non J)\usbmmap.c
             usb_alt_intf   0x0000b6       data     extern C:\Documents and Settings\Gab\Mis documentos\Dropbox\KNOWLEDGE SHARING\Bootloader PIC\BootLoader C18 - Alux v1.1 (Firmware Non J)\usbmmap.c
         usb_device_state   0x0000b3       data     extern C:\Documents and Settings\Gab\Mis documentos\Dropbox\KNOWLEDGE SHARING\Bootloader PIC\BootLoader C18 - Alux v1.1 (Firmware Non J)\usbmmap.c
                 usb_stat   0x0000b4       data     extern C:\Documents and Settings\Gab\Mis documentos\Dropbox\KNOWLEDGE SHARING\Bootloader PIC\BootLoader C18 - Alux v1.1 (Firmware Non J)\usbmmap.c
                   wCount   0x0000b0       data     extern C:\Documents and Settings\Gab\Mis documentos\Dropbox\KNOWLEDGE SHARING\Bootloader PIC\BootLoader C18 - Alux v1.1 (Firmware Non J)\usbctrltrf.c



                              Symbols - Sorted by Address
                     Name    Address   Location    Storage File                     
                ---------  ---------  ---------  --------- ---------                
                   _entry   0x000000    program     extern C:\MCC18\src\traditional\startup\c018i.c
       ___return_lbl00000   0x000004    program     static                          
 interrupt_at_high_vector   0x000008    program     extern C:\Documents and Settings\Gab\Mis documentos\Dropbox\KNOWLEDGE SHARING\Bootloader PIC\BootLoader C18 - Alux v1.1 (Firmware Non J)\main.c
       ___return_lbl00000   0x00000c    program     static                          
  interrupt_at_low_vector   0x000018    program     extern C:\Documents and Settings\Gab\Mis documentos\Dropbox\KNOWLEDGE SHARING\Bootloader PIC\BootLoader C18 - Alux v1.1 (Firmware Non J)\main.c
       ___return_lbl00001   0x00001c    program     static                          
                 UserInit   0x00002e    program     extern C:\Documents and Settings\Gab\Mis documentos\Dropbox\KNOWLEDGE SHARING\Bootloader PIC\BootLoader C18 - Alux v1.1 (Firmware Non J)\BootPIC18NonJ.c
                ProcessIO   0x000046    program     extern C:\Documents and Settings\Gab\Mis documentos\Dropbox\KNOWLEDGE SHARING\Bootloader PIC\BootLoader C18 - Alux v1.1 (Firmware Non J)\BootPIC18NonJ.c
          ___for_lbl00004   0x00007a    program     static                          
          ___for_lbl00002   0x00008e    program     static                          
           ___if_lbl00005   0x000092    program     static                          
          ___for_lbl00003   0x000092    program     static                          
         ___else_lbl00046   0x000094    program     static                          
       ___case_2_lbl00008   0x0000be    program     static                          
           ___if_lbl00007   0x000170    program     static                          
       ___case_3_lbl00010   0x000172    program     static                          
           ___if_lbl00009   0x000182    program     static                          
       ___case_4_lbl00017   0x000188    program     static                          
          ___for_lbl00013   0x000190    program     static                          
          ___for_lbl00011   0x0001d0    program     static                          
          ___for_lbl00012   0x0001da    program     static                          
           ___do_lbl00016   0x0001dc    program     static                          
           ___do_lbl00014   0x0001ec    program     static                          
           ___do_lbl00015   0x000204    program     static                          
       ___case_5_lbl00027   0x000218    program     static                          
           ___if_lbl00018   0x000228    program     static                          
           ___if_lbl00019   0x00022e    program     static                          
           ___if_lbl00020   0x00023e    program     static                          
               __tmplbl_0   0x000250    program     static                          
           ___if_lbl00021   0x00025e    program     static                          
               __tmplbl_1   0x00027e    program     static                          
          ___for_lbl00025   0x000282    program     static                          
           ___if_lbl00024   0x0002d0    program     static                          
          ___for_lbl00022   0x0002d0    program     static                          
           ___if_lbl00026   0x0002d4    program     static                          
          ___for_lbl00023   0x0002d4    program     static                          
       ___case_6_lbl00028   0x0002da    program     static                          
       ___case_7_lbl00038   0x0002ea    program     static                          
          ___for_lbl00036   0x000312    program     static                          
         ___else_lbl00035   0x000348    program     static                          
           ___if_lbl00031   0x000358    program     static                          
           ___if_lbl00033   0x000360    program     static                          
           ___if_lbl00032   0x000360    program     static                          
           ___if_lbl00034   0x000378    program     static                          
          ___for_lbl00029   0x000378    program     static                          
          ___for_lbl00030   0x00037c    program     static                          
           ___if_lbl00037   0x00039c    program     static                          
       ___case_8_lbl00044   0x00039e    program     static                          
          ___for_lbl00043   0x0003a4    program     static                          
        ___while_lbl00041   0x0003ac    program     static                          
        ___while_lbl00042   0x0003b8    program     static                          
          ___for_lbl00039   0x0003b8    program     static                          
          ___for_lbl00040   0x0003bc    program     static                          
   ___switchexit_lbl00006   0x0003c0    program     static                          
           ___if_lbl00045   0x0003c0    program     static                          
       ___return_lbl00001   0x0003c0    program     static                          
          WriteFlashBlock   0x0003ca    program     extern C:\Documents and Settings\Gab\Mis documentos\Dropbox\KNOWLEDGE SHARING\Bootloader PIC\BootLoader C18 - Alux v1.1 (Firmware Non J)\BootPIC18NonJ.c
          ___for_lbl00054   0x0003fe    program     static                          
         ___else_lbl00051   0x000430    program     static                          
           ___if_lbl00050   0x000434    program     static                          
         ___else_lbl00053   0x000436    program     static                          
          ___for_lbl00048   0x00043e    program     static                          
           ___if_lbl00052   0x00043e    program     static                          
          ___for_lbl00049   0x000444    program     static                          
          ___for_lbl00057   0x000450    program     static                          
          ___for_lbl00055   0x000484    program     static                          
       ___return_lbl00047   0x00048a    program     static                          
          ___for_lbl00056   0x00048a    program     static                          
          WriteConfigBits   0x00048c    program     extern C:\Documents and Settings\Gab\Mis documentos\Dropbox\KNOWLEDGE SHARING\Bootloader PIC\BootLoader C18 - Alux v1.1 (Firmware Non J)\BootPIC18NonJ.c
          ___for_lbl00061   0x00049c    program     static                          
          ___for_lbl00059   0x0004ca    program     static                          
       ___return_lbl00058   0x0004d0    program     static                          
          ___for_lbl00060   0x0004d0    program     static                          
              WriteEEPROM   0x0004d2    program     extern C:\Documents and Settings\Gab\Mis documentos\Dropbox\KNOWLEDGE SHARING\Bootloader PIC\BootLoader C18 - Alux v1.1 (Firmware Non J)\BootPIC18NonJ.c
        UnlockAndActivate   0x000512    program     extern C:\Documents and Settings\Gab\Mis documentos\Dropbox\KNOWLEDGE SHARING\Bootloader PIC\BootLoader C18 - Alux v1.1 (Firmware Non J)\BootPIC18NonJ.c
        ___while_lbl00067   0x00051e    program     static                          
        ___while_lbl00068   0x000522    program     static                          
       ___return_lbl00066   0x000524    program     static                          
         USBCtrlEPService   0x000526    program     extern C:\Documents and Settings\Gab\Mis documentos\Dropbox\KNOWLEDGE SHARING\Bootloader PIC\BootLoader C18 - Alux v1.1 (Firmware Non J)\usbctrltrf.c
   USBCtrlTrfSetupHandler   0x0005a8    program     extern C:\Documents and Settings\Gab\Mis documentos\Dropbox\KNOWLEDGE SHARING\Bootloader PIC\BootLoader C18 - Alux v1.1 (Firmware Non J)\usbctrltrf.c
     USBCtrlTrfOutHandler   0x00060e    program     extern C:\Documents and Settings\Gab\Mis documentos\Dropbox\KNOWLEDGE SHARING\Bootloader PIC\BootLoader C18 - Alux v1.1 (Firmware Non J)\usbctrltrf.c
      USBCtrlTrfInHandler   0x00063c    program     extern C:\Documents and Settings\Gab\Mis documentos\Dropbox\KNOWLEDGE SHARING\Bootloader PIC\BootLoader C18 - Alux v1.1 (Firmware Non J)\usbctrltrf.c
      USBCtrlTrfTxService   0x000680    program     extern C:\Documents and Settings\Gab\Mis documentos\Dropbox\KNOWLEDGE SHARING\Bootloader PIC\BootLoader C18 - Alux v1.1 (Firmware Non J)\usbctrltrf.c
      USBCtrlTrfRxService   0x00071a    program     extern C:\Documents and Settings\Gab\Mis documentos\Dropbox\KNOWLEDGE SHARING\Bootloader PIC\BootLoader C18 - Alux v1.1 (Firmware Non J)\usbctrltrf.c
 USBCtrlEPServiceComplete   0x000772    program     extern C:\Documents and Settings\Gab\Mis documentos\Dropbox\KNOWLEDGE SHARING\Bootloader PIC\BootLoader C18 - Alux v1.1 (Firmware Non J)\usbctrltrf.c
USBPrepareForNextSetupTrf   0x0007e4    program     extern C:\Documents and Settings\Gab\Mis documentos\Dropbox\KNOWLEDGE SHARING\Bootloader PIC\BootLoader C18 - Alux v1.1 (Firmware Non J)\usbctrltrf.c
                   __pa_0   0x0007ee    program     static C:\Documents and Settings\Gab\Mis documentos\Dropbox\KNOWLEDGE SHARING\Bootloader PIC\BootLoader C18 - Alux v1.1 (Firmware Non J)\usbctrltrf.c
                   __pa_1   0x0007fe    program     static C:\Documents and Settings\Gab\Mis documentos\Dropbox\KNOWLEDGE SHARING\Bootloader PIC\BootLoader C18 - Alux v1.1 (Firmware Non J)\usbctrltrf.c
                   __pa_2   0x00080e    program     static C:\Documents and Settings\Gab\Mis documentos\Dropbox\KNOWLEDGE SHARING\Bootloader PIC\BootLoader C18 - Alux v1.1 (Firmware Non J)\usbctrltrf.c
                   __pa_3   0x00081c    program     static C:\Documents and Settings\Gab\Mis documentos\Dropbox\KNOWLEDGE SHARING\Bootloader PIC\BootLoader C18 - Alux v1.1 (Firmware Non J)\usbctrltrf.c
                   __pa_4   0x000826    program     static C:\Documents and Settings\Gab\Mis documentos\Dropbox\KNOWLEDGE SHARING\Bootloader PIC\BootLoader C18 - Alux v1.1 (Firmware Non J)\usbctrltrf.c
                   __pa_5   0x00082e    program     static C:\Documents and Settings\Gab\Mis documentos\Dropbox\KNOWLEDGE SHARING\Bootloader PIC\BootLoader C18 - Alux v1.1 (Firmware Non J)\usbctrltrf.c
       USBCheckStdRequest   0x00083e    program     extern C:\Documents and Settings\Gab\Mis documentos\Dropbox\KNOWLEDGE SHARING\Bootloader PIC\BootLoader C18 - Alux v1.1 (Firmware Non J)\usb9.c
      USBStdGetDscHandler   0x0008dc    program     extern C:\Documents and Settings\Gab\Mis documentos\Dropbox\KNOWLEDGE SHARING\Bootloader PIC\BootLoader C18 - Alux v1.1 (Firmware Non J)\usb9.c
      USBStdSetCfgHandler   0x00094a    program     extern C:\Documents and Settings\Gab\Mis documentos\Dropbox\KNOWLEDGE SHARING\Bootloader PIC\BootLoader C18 - Alux v1.1 (Firmware Non J)\usb9.c
   USBStdGetStatusHandler   0x000980    program     extern C:\Documents and Settings\Gab\Mis documentos\Dropbox\KNOWLEDGE SHARING\Bootloader PIC\BootLoader C18 - Alux v1.1 (Firmware Non J)\usb9.c
  USBStdFeatureReqHandler   0x0009e4    program     extern C:\Documents and Settings\Gab\Mis documentos\Dropbox\KNOWLEDGE SHARING\Bootloader PIC\BootLoader C18 - Alux v1.1 (Firmware Non J)\usb9.c
                   __pa_0   0x000a50    program     static C:\Documents and Settings\Gab\Mis documentos\Dropbox\KNOWLEDGE SHARING\Bootloader PIC\BootLoader C18 - Alux v1.1 (Firmware Non J)\usb9.c
                   __pa_1   0x000a68    program     static C:\Documents and Settings\Gab\Mis documentos\Dropbox\KNOWLEDGE SHARING\Bootloader PIC\BootLoader C18 - Alux v1.1 (Firmware Non J)\usb9.c
                   __pa_2   0x000a7a    program     static C:\Documents and Settings\Gab\Mis documentos\Dropbox\KNOWLEDGE SHARING\Bootloader PIC\BootLoader C18 - Alux v1.1 (Firmware Non J)\usb9.c
                   __pa_3   0x000a8c    program     static C:\Documents and Settings\Gab\Mis documentos\Dropbox\KNOWLEDGE SHARING\Bootloader PIC\BootLoader C18 - Alux v1.1 (Firmware Non J)\usb9.c
                   __pa_4   0x000a9c    program     static C:\Documents and Settings\Gab\Mis documentos\Dropbox\KNOWLEDGE SHARING\Bootloader PIC\BootLoader C18 - Alux v1.1 (Firmware Non J)\usb9.c
                   __pa_5   0x000aaa    program     static C:\Documents and Settings\Gab\Mis documentos\Dropbox\KNOWLEDGE SHARING\Bootloader PIC\BootLoader C18 - Alux v1.1 (Firmware Non J)\usb9.c
                   __pa_6   0x000ab2    program     static C:\Documents and Settings\Gab\Mis documentos\Dropbox\KNOWLEDGE SHARING\Bootloader PIC\BootLoader C18 - Alux v1.1 (Firmware Non J)\usb9.c
       USBCheckHIDRequest   0x000aba    program     extern C:\Documents and Settings\Gab\Mis documentos\Dropbox\KNOWLEDGE SHARING\Bootloader PIC\BootLoader C18 - Alux v1.1 (Firmware Non J)\hid.c
      HIDGetReportHandler   0x000b88    program     extern C:\Documents and Settings\Gab\Mis documentos\Dropbox\KNOWLEDGE SHARING\Bootloader PIC\BootLoader C18 - Alux v1.1 (Firmware Non J)\hid.c
      HIDSetReportHandler   0x000b8a    program     extern C:\Documents and Settings\Gab\Mis documentos\Dropbox\KNOWLEDGE SHARING\Bootloader PIC\BootLoader C18 - Alux v1.1 (Firmware Non J)\hid.c
                HIDInitEP   0x000b8c    program     extern C:\Documents and Settings\Gab\Mis documentos\Dropbox\KNOWLEDGE SHARING\Bootloader PIC\BootLoader C18 - Alux v1.1 (Firmware Non J)\hid.c
              HIDTxReport   0x000bb6    program     extern C:\Documents and Settings\Gab\Mis documentos\Dropbox\KNOWLEDGE SHARING\Bootloader PIC\BootLoader C18 - Alux v1.1 (Firmware Non J)\hid.c
              HIDRxReport   0x000c16    program     extern C:\Documents and Settings\Gab\Mis documentos\Dropbox\KNOWLEDGE SHARING\Bootloader PIC\BootLoader C18 - Alux v1.1 (Firmware Non J)\hid.c
                   __pa_0   0x000c80    program     static C:\Documents and Settings\Gab\Mis documentos\Dropbox\KNOWLEDGE SHARING\Bootloader PIC\BootLoader C18 - Alux v1.1 (Firmware Non J)\hid.c
                   __pa_1   0x000c98    program     static C:\Documents and Settings\Gab\Mis documentos\Dropbox\KNOWLEDGE SHARING\Bootloader PIC\BootLoader C18 - Alux v1.1 (Firmware Non J)\hid.c
        USBCheckBusStatus   0x000ca0    program     extern C:\Documents and Settings\Gab\Mis documentos\Dropbox\KNOWLEDGE SHARING\Bootloader PIC\BootLoader C18 - Alux v1.1 (Firmware Non J)\usbdrv.c
          USBModuleEnable   0x000cbc    program     extern C:\Documents and Settings\Gab\Mis documentos\Dropbox\KNOWLEDGE SHARING\Bootloader PIC\BootLoader C18 - Alux v1.1 (Firmware Non J)\usbdrv.c
         USBDriverService   0x000cca    program     extern C:\Documents and Settings\Gab\Mis documentos\Dropbox\KNOWLEDGE SHARING\Bootloader PIC\BootLoader C18 - Alux v1.1 (Firmware Non J)\usbdrv.c
               USBSuspend   0x000d10    program     extern C:\Documents and Settings\Gab\Mis documentos\Dropbox\KNOWLEDGE SHARING\Bootloader PIC\BootLoader C18 - Alux v1.1 (Firmware Non J)\usbdrv.c
       ___return_lbl00022   0x000d1e    program     static                          
       USBWakeFromSuspend   0x000d20    program     extern C:\Documents and Settings\Gab\Mis documentos\Dropbox\KNOWLEDGE SHARING\Bootloader PIC\BootLoader C18 - Alux v1.1 (Firmware Non J)\usbdrv.c
          USBStallHandler   0x000d2e    program     extern C:\Documents and Settings\Gab\Mis documentos\Dropbox\KNOWLEDGE SHARING\Bootloader PIC\BootLoader C18 - Alux v1.1 (Firmware Non J)\usbdrv.c
  USBProtocolResetHandler   0x000d4e    program     extern C:\Documents and Settings\Gab\Mis documentos\Dropbox\KNOWLEDGE SHARING\Bootloader PIC\BootLoader C18 - Alux v1.1 (Firmware Non J)\usbdrv.c
        ___while_lbl00031   0x000d74    program     static                          
        ___while_lbl00032   0x000d82    program     static                          
       ___return_lbl00030   0x000dac    program     static                          
               ClearArray   0x000dae    program     extern C:\Documents and Settings\Gab\Mis documentos\Dropbox\KNOWLEDGE SHARING\Bootloader PIC\BootLoader C18 - Alux v1.1 (Firmware Non J)\usbdrv.c
        ___while_lbl00034   0x000dc2    program     static                          
       ___return_lbl00033   0x000dd0    program     static                          
        ___while_lbl00035   0x000dd0    program     static                          
               device_dsc   0x000dd8    program     extern C:\Documents and Settings\Gab\Mis documentos\Dropbox\KNOWLEDGE SHARING\Bootloader PIC\BootLoader C18 - Alux v1.1 (Firmware Non J)\usbdsc.c
                    cfg01   0x000dea    program     extern C:\Documents and Settings\Gab\Mis documentos\Dropbox\KNOWLEDGE SHARING\Bootloader PIC\BootLoader C18 - Alux v1.1 (Firmware Non J)\usbdsc.c
                    sd000   0x000e13    program     extern C:\Documents and Settings\Gab\Mis documentos\Dropbox\KNOWLEDGE SHARING\Bootloader PIC\BootLoader C18 - Alux v1.1 (Firmware Non J)\usbdsc.c
                    sd001   0x000e17    program     extern C:\Documents and Settings\Gab\Mis documentos\Dropbox\KNOWLEDGE SHARING\Bootloader PIC\BootLoader C18 - Alux v1.1 (Firmware Non J)\usbdsc.c
                    sd002   0x000e4b    program     extern C:\Documents and Settings\Gab\Mis documentos\Dropbox\KNOWLEDGE SHARING\Bootloader PIC\BootLoader C18 - Alux v1.1 (Firmware Non J)\usbdsc.c
                hid_rpt01   0x000e71    program     extern C:\Documents and Settings\Gab\Mis documentos\Dropbox\KNOWLEDGE SHARING\Bootloader PIC\BootLoader C18 - Alux v1.1 (Firmware Non J)\usbdsc.c
[...]
                 UEP4bits   0x000f74       data     extern C:\MCC18\src\traditional\proc\p18F2455.asm
                     UEP4   0x000f74       data     extern C:\MCC18\src\traditional\proc\p18F2455.asm
                 UEP5bits   0x000f75       data     extern C:\MCC18\src\traditional\proc\p18F2455.asm
                     UEP5   0x000f75       data     extern C:\MCC18\src\traditional\proc\p18F2455.asm
                     UEP6   0x000f76       data     extern C:\MCC18\src\traditional\proc\p18F2455.asm
                 UEP6bits   0x000f76       data     extern C:\MCC18\src\traditional\proc\p18F2455.asm
                     UEP7   0x000f77       data     extern C:\MCC18\src\traditional\proc\p18F2455.asm
                 UEP7bits   0x000f77       data     extern C:\MCC18\src\traditional\proc\p18F2455.asm
                     UEP8   0x000f78       data     extern C:\MCC18\src\traditional\proc\p18F2455.asm
                 UEP8bits   0x000f78       data     extern C:\MCC18\src\traditional\proc\p18F2455.asm
                     UEP9   0x000f79       data     extern C:\MCC18\src\traditional\proc\p18F2455.asm
                 UEP9bits   0x000f79       data     extern C:\MCC18\src\traditional\proc\p18F2455.asm
                UEP10bits   0x000f7a       data     extern C:\MCC18\src\traditional\proc\p18F2455.asm
                    UEP10   0x000f7a       data     extern C:\MCC18\src\traditional\proc\p18F2455.asm
                    UEP11   0x000f7b       data     extern C:\MCC18\src\traditional\proc\p18F2455.asm
                UEP11bits   0x000f7b       data     extern C:\MCC18\src\traditional\proc\p18F2455.asm
                    UEP12   0x000f7c       data     extern C:\MCC18\src\traditional\proc\p18F2455.asm
                UEP12bits   0x000f7c       data     extern C:\MCC18\src\traditional\proc\p18F2455.asm
                    UEP13   0x000f7d       data     extern C:\MCC18\src\traditional\proc\p18F2455.asm
                UEP13bits   0x000f7d       data     extern C:\MCC18\src\traditional\proc\p18F2455.asm
                    UEP14   0x000f7e       data     extern C:\MCC18\src\traditional\proc\p18F2455.asm
                UEP14bits   0x000f7e       data     extern C:\MCC18\src\traditional\proc\p18F2455.asm
                UEP15bits   0x000f7f       data     extern C:\MCC18\src\traditional\proc\p18F2455.asm
                    UEP15   0x000f7f       data     extern C:\MCC18\src\traditional\proc\p18F2455.asm
                    PORTA   0x000f80       data     extern C:\MCC18\src\traditional\proc\p18F2455.asm
                PORTAbits   0x000f80       data     extern C:\MCC18\src\traditional\proc\p18F2455.asm
                PORTBbits   0x000f81       data     extern C:\MCC18\src\traditional\proc\p18F2455.asm
                    PORTB   0x000f81       data     extern C:\MCC18\src\traditional\proc\p18F2455.asm
                    PORTC   0x000f82       data     extern C:\MCC18\src\traditional\proc\p18F2455.asm
                PORTCbits   0x000f82       data     extern C:\MCC18\src\traditional\proc\p18F2455.asm
                    PORTE   0x000f84       data     extern C:\MCC18\src\traditional\proc\p18F2455.asm
                PORTEbits   0x000f84       data     extern C:\MCC18\src\traditional\proc\p18F2455.asm
                     LATA   0x000f89       data     extern C:\MCC18\src\traditional\proc\p18F2455.asm
                 LATAbits   0x000f89       data     extern C:\MCC18\src\traditional\proc\p18F2455.asm
                     LATB   0x000f8a       data     extern C:\MCC18\src\traditional\proc\p18F2455.asm
                 LATBbits   0x000f8a       data     extern C:\MCC18\src\traditional\proc\p18F2455.asm
                     LATC   0x000f8b       data     extern C:\MCC18\src\traditional\proc\p18F2455.asm
                 LATCbits   0x000f8b       data     extern C:\MCC18\src\traditional\proc\p18F2455.asm
                 DDRAbits   0x000f92       data     extern C:\MCC18\src\traditional\proc\p18F2455.asm
                     DDRA   0x000f92       data     extern C:\MCC18\src\traditional\proc\p18F2455.asm
                    TRISA   0x000f92       data     extern C:\MCC18\src\traditional\proc\p18F2455.asm
                TRISAbits   0x000f92       data     extern C:\MCC18\src\traditional\proc\p18F2455.asm
                 DDRBbits   0x000f93       data     extern C:\MCC18\src\traditional\proc\p18F2455.asm
                     DDRB   0x000f93       data     extern C:\MCC18\src\traditional\proc\p18F2455.asm
                TRISBbits   0x000f93       data     extern C:\MCC18\src\traditional\proc\p18F2455.asm
                    TRISB   0x000f93       data     extern C:\MCC18\src\traditional\proc\p18F2455.asm
                 DDRCbits   0x000f94       data     extern C:\MCC18\src\traditional\proc\p18F2455.asm
                     DDRC   0x000f94       data     extern C:\MCC18\src\traditional\proc\p18F2455.asm
                TRISCbits   0x000f94       data     extern C:\MCC18\src\traditional\proc\p18F2455.asm
                    TRISC   0x000f94       data     extern C:\MCC18\src\traditional\proc\p18F2455.asm
                  OSCTUNE   0x000f9b       data     extern C:\MCC18\src\traditional\proc\p18F2455.asm
              OSCTUNEbits   0x000f9b       data     extern C:\MCC18\src\traditional\proc\p18F2455.asm
                 PIE1bits   0x000f9d       data     extern C:\MCC18\src\traditional\proc\p18F2455.asm
                     PIE1   0x000f9d       data     extern C:\MCC18\src\traditional\proc\p18F2455.asm
                 PIR1bits   0x000f9e       data     extern C:\MCC18\src\traditional\proc\p18F2455.asm
                     PIR1   0x000f9e       data     extern C:\MCC18\src\traditional\proc\p18F2455.asm
                 IPR1bits   0x000f9f       data     extern C:\MCC18\src\traditional\proc\p18F2455.asm
                     IPR1   0x000f9f       data     extern C:\MCC18\src\traditional\proc\p18F2455.asm
                 PIE2bits   0x000fa0       data     extern C:\MCC18\src\traditional\proc\p18F2455.asm
                     PIE2   0x000fa0       data     extern C:\MCC18\src\traditional\proc\p18F2455.asm
                     PIR2   0x000fa1       data     extern C:\MCC18\src\traditional\proc\p18F2455.asm
                 PIR2bits   0x000fa1       data     extern C:\MCC18\src\traditional\proc\p18F2455.asm
                     IPR2   0x000fa2       data     extern C:\MCC18\src\traditional\proc\p18F2455.asm
                 IPR2bits   0x000fa2       data     extern C:\MCC18\src\traditional\proc\p18F2455.asm
                   EECON1   0x000fa6       data     extern C:\MCC18\src\traditional\proc\p18F2455.asm
               EECON1bits   0x000fa6       data     extern C:\MCC18\src\traditional\proc\p18F2455.asm
                   EECON2   0x000fa7       data     extern C:\MCC18\src\traditional\proc\p18F2455.asm
                   EEDATA   0x000fa8       data     extern C:\MCC18\src\traditional\proc\p18F2455.asm
                    EEADR   0x000fa9       data     extern C:\MCC18\src\traditional\proc\p18F2455.asm
                RCSTAbits   0x000fab       data     extern C:\MCC18\src\traditional\proc\p18F2455.asm
                    RCSTA   0x000fab       data     extern C:\MCC18\src\traditional\proc\p18F2455.asm
                TXSTAbits   0x000fac       data     extern C:\MCC18\src\traditional\proc\p18F2455.asm
                    TXSTA   0x000fac       data     extern C:\MCC18\src\traditional\proc\p18F2455.asm
                    TXREG   0x000fad       data     extern C:\MCC18\src\traditional\proc\p18F2455.asm
                    RCREG   0x000fae       data     extern C:\MCC18\src\traditional\proc\p18F2455.asm
                    SPBRG   0x000faf       data     extern C:\MCC18\src\traditional\proc\p18F2455.asm
                   SPBRGH   0x000fb0       data     extern C:\MCC18\src\traditional\proc\p18F2455.asm
                    T3CON   0x000fb1       data     extern C:\MCC18\src\traditional\proc\p18F2455.asm
                T3CONbits   0x000fb1       data     extern C:\MCC18\src\traditional\proc\p18F2455.asm
                    TMR3L   0x000fb2       data     extern C:\MCC18\src\traditional\proc\p18F2455.asm
                    TMR3H   0x000fb3       data     extern C:\MCC18\src\traditional\proc\p18F2455.asm
                CMCONbits   0x000fb4       data     extern C:\MCC18\src\traditional\proc\p18F2455.asm
                    CMCON   0x000fb4       data     extern C:\MCC18\src\traditional\proc\p18F2455.asm
               CVRCONbits   0x000fb5       data     extern C:\MCC18\src\traditional\proc\p18F2455.asm
                   CVRCON   0x000fb5       data     extern C:\MCC18\src\traditional\proc\p18F2455.asm
               CCP1ASbits   0x000fb6       data     extern C:\MCC18\src\traditional\proc\p18F2455.asm
              ECCP1ASbits   0x000fb6       data     extern C:\MCC18\src\traditional\proc\p18F2455.asm
                  ECCP1AS   0x000fb6       data     extern C:\MCC18\src\traditional\proc\p18F2455.asm
                   CCP1AS   0x000fb6       data     extern C:\MCC18\src\traditional\proc\p18F2455.asm
                  CCP1DEL   0x000fb7       data     extern C:\MCC18\src\traditional\proc\p18F2455.asm
              CCP1DELbits   0x000fb7       data     extern C:\MCC18\src\traditional\proc\p18F2455.asm
                 ECCP1DEL   0x000fb7       data     extern C:\MCC18\src\traditional\proc\p18F2455.asm
             ECCP1DELbits   0x000fb7       data     extern C:\MCC18\src\traditional\proc\p18F2455.asm
                  BAUDCON   0x000fb8       data     extern C:\MCC18\src\traditional\proc\p18F2455.asm
              BAUDCONbits   0x000fb8       data     extern C:\MCC18\src\traditional\proc\p18F2455.asm
                  CCP2CON   0x000fba       data     extern C:\MCC18\src\traditional\proc\p18F2455.asm
              CCP2CONbits   0x000fba       data     extern C:\MCC18\src\traditional\proc\p18F2455.asm
                   CCPR2L   0x000fbb       data     extern C:\MCC18\src\traditional\proc\p18F2455.asm
                    CCPR2   0x000fbb       data     extern C:\MCC18\src\traditional\proc\p18F2455.asm
                   CCPR2H   0x000fbc       data     extern C:\MCC18\src\traditional\proc\p18F2455.asm
              CCP1CONbits   0x000fbd       data     extern C:\MCC18\src\traditional\proc\p18F2455.asm
                  CCP1CON   0x000fbd       data     extern C:\MCC18\src\traditional\proc\p18F2455.asm
                    CCPR1   0x000fbe       data     extern C:\MCC18\src\traditional\proc\p18F2455.asm
                   CCPR1L   0x000fbe       data     extern C:\MCC18\src\traditional\proc\p18F2455.asm
                   CCPR1H   0x000fbf       data     extern C:\MCC18\src\traditional\proc\p18F2455.asm
                   ADCON2   0x000fc0       data     extern C:\MCC18\src\traditional\proc\p18F2455.asm
               ADCON2bits   0x000fc0       data     extern C:\MCC18\src\traditional\proc\p18F2455.asm
                   ADCON1   0x000fc1       data     extern C:\MCC18\src\traditional\proc\p18F2455.asm
               ADCON1bits   0x000fc1       data     extern C:\MCC18\src\traditional\proc\p18F2455.asm
                   ADCON0   0x000fc2       data     extern C:\MCC18\src\traditional\proc\p18F2455.asm
               ADCON0bits   0x000fc2       data     extern C:\MCC18\src\traditional\proc\p18F2455.asm
                    ADRES   0x000fc3       data     extern C:\MCC18\src\traditional\proc\p18F2455.asm
                   ADRESL   0x000fc3       data     extern C:\MCC18\src\traditional\proc\p18F2455.asm
                   ADRESH   0x000fc4       data     extern C:\MCC18\src\traditional\proc\p18F2455.asm
                  SSPCON2   0x000fc5       data     extern C:\MCC18\src\traditional\proc\p18F2455.asm
              SSPCON2bits   0x000fc5       data     extern C:\MCC18\src\traditional\proc\p18F2455.asm
                  SSPCON1   0x000fc6       data     extern C:\MCC18\src\traditional\proc\p18F2455.asm
              SSPCON1bits   0x000fc6       data     extern C:\MCC18\src\traditional\proc\p18F2455.asm
                  SSPSTAT   0x000fc7       data     extern C:\MCC18\src\traditional\proc\p18F2455.asm
              SSPSTATbits   0x000fc7       data     extern C:\MCC18\src\traditional\proc\p18F2455.asm
                   SSPADD   0x000fc8       data     extern C:\MCC18\src\traditional\proc\p18F2455.asm
                   SSPBUF   0x000fc9       data     extern C:\MCC18\src\traditional\proc\p18F2455.asm
                T2CONbits   0x000fca       data     extern C:\MCC18\src\traditional\proc\p18F2455.asm
                    T2CON   0x000fca       data     extern C:\MCC18\src\traditional\proc\p18F2455.asm
                      PR2   0x000fcb       data     extern C:\MCC18\src\traditional\proc\p18F2455.asm
                     TMR2   0x000fcc       data     extern C:\MCC18\src\traditional\proc\p18F2455.asm
                T1CONbits   0x000fcd       data     extern C:\MCC18\src\traditional\proc\p18F2455.asm
                    T1CON   0x000fcd       data     extern C:\MCC18\src\traditional\proc\p18F2455.asm
                    TMR1L   0x000fce       data     extern C:\MCC18\src\traditional\proc\p18F2455.asm
                    TMR1H   0x000fcf       data     extern C:\MCC18\src\traditional\proc\p18F2455.asm
                     RCON   0x000fd0       data     extern C:\MCC18\src\traditional\proc\p18F2455.asm
                 RCONbits   0x000fd0       data     extern C:\MCC18\src\traditional\proc\p18F2455.asm
                   WDTCON   0x000fd1       data     extern C:\MCC18\src\traditional\proc\p18F2455.asm
               WDTCONbits   0x000fd1       data     extern C:\MCC18\src\traditional\proc\p18F2455.asm
                  HLVDCON   0x000fd2       data     extern C:\MCC18\src\traditional\proc\p18F2455.asm
               LVDCONbits   0x000fd2       data     extern C:\MCC18\src\traditional\proc\p18F2455.asm
                   LVDCON   0x000fd2       data     extern C:\MCC18\src\traditional\proc\p18F2455.asm
              HLVDCONbits   0x000fd2       data     extern C:\MCC18\src\traditional\proc\p18F2455.asm
               OSCCONbits   0x000fd3       data     extern C:\MCC18\src\traditional\proc\p18F2455.asm
                   OSCCON   0x000fd3       data     extern C:\MCC18\src\traditional\proc\p18F2455.asm
                T0CONbits   0x000fd5       data     extern C:\MCC18\src\traditional\proc\p18F2455.asm
                    T0CON   0x000fd5       data     extern C:\MCC18\src\traditional\proc\p18F2455.asm
                    TMR0L   0x000fd6       data     extern C:\MCC18\src\traditional\proc\p18F2455.asm
                    TMR0H   0x000fd7       data     extern C:\MCC18\src\traditional\proc\p18F2455.asm
               STATUSbits   0x000fd8       data     extern C:\MCC18\src\traditional\proc\p18F2455.asm
                   STATUS   0x000fd8       data     extern C:\MCC18\src\traditional\proc\p18F2455.asm
                    FSR2L   0x000fd9       data     extern C:\MCC18\src\traditional\proc\p18F2455.asm
                     FSR2   0x000fd9       data     extern C:\MCC18\src\traditional\proc\p18F2455.asm
                    FSR2H   0x000fda       data     extern C:\MCC18\src\traditional\proc\p18F2455.asm
                   PLUSW2   0x000fdb       data     extern C:\MCC18\src\traditional\proc\p18F2455.asm
                  PREINC2   0x000fdc       data     extern C:\MCC18\src\traditional\proc\p18F2455.asm
                 POSTDEC2   0x000fdd       data     extern C:\MCC18\src\traditional\proc\p18F2455.asm
                 POSTINC2   0x000fde       data     extern C:\MCC18\src\traditional\proc\p18F2455.asm
                    INDF2   0x000fdf       data     extern C:\MCC18\src\traditional\proc\p18F2455.asm
                      BSR   0x000fe0       data     extern C:\MCC18\src\traditional\proc\p18F2455.asm
                    FSR1L   0x000fe1       data     extern C:\MCC18\src\traditional\proc\p18F2455.asm
                     FSR1   0x000fe1       data     extern C:\MCC18\src\traditional\proc\p18F2455.asm
                    FSR1H   0x000fe2       data     extern C:\MCC18\src\traditional\proc\p18F2455.asm
                   PLUSW1   0x000fe3       data     extern C:\MCC18\src\traditional\proc\p18F2455.asm
                  PREINC1   0x000fe4       data     extern C:\MCC18\src\traditional\proc\p18F2455.asm
                 POSTDEC1   0x000fe5       data     extern C:\MCC18\src\traditional\proc\p18F2455.asm
                 POSTINC1   0x000fe6       data     extern C:\MCC18\src\traditional\proc\p18F2455.asm
                    INDF1   0x000fe7       data     extern C:\MCC18\src\traditional\proc\p18F2455.asm
                     WREG   0x000fe8       data     extern C:\MCC18\src\traditional\proc\p18F2455.asm
                    FSR0L   0x000fe9       data     extern C:\MCC18\src\traditional\proc\p18F2455.asm
                     FSR0   0x000fe9       data     extern C:\MCC18\src\traditional\proc\p18F2455.asm
                    FSR0H   0x000fea       data     extern C:\MCC18\src\traditional\proc\p18F2455.asm
                   PLUSW0   0x000feb       data     extern C:\MCC18\src\traditional\proc\p18F2455.asm
                  PREINC0   0x000fec       data     extern C:\MCC18\src\traditional\proc\p18F2455.asm
                 POSTDEC0   0x000fed       data     extern C:\MCC18\src\traditional\proc\p18F2455.asm
                 POSTINC0   0x000fee       data     extern C:\MCC18\src\traditional\proc\p18F2455.asm
                    INDF0   0x000fef       data     extern C:\MCC18\src\traditional\proc\p18F2455.asm
                  INTCON3   0x000ff0       data     extern C:\MCC18\src\traditional\proc\p18F2455.asm
              INTCON3bits   0x000ff0       data     extern C:\MCC18\src\traditional\proc\p18F2455.asm
                  INTCON2   0x000ff1       data     extern C:\MCC18\src\traditional\proc\p18F2455.asm
              INTCON2bits   0x000ff1       data     extern C:\MCC18\src\traditional\proc\p18F2455.asm
                   INTCON   0x000ff2       data     extern C:\MCC18\src\traditional\proc\p18F2455.asm
               INTCONbits   0x000ff2       data     extern C:\MCC18\src\traditional\proc\p18F2455.asm
                    PRODL   0x000ff3       data     extern C:\MCC18\src\traditional\proc\p18F2455.asm
                     PROD   0x000ff3       data     extern C:\MCC18\src\traditional\proc\p18F2455.asm
                    PRODH   0x000ff4       data     extern C:\MCC18\src\traditional\proc\p18F2455.asm
                   TABLAT   0x000ff5       data     extern C:\MCC18\src\traditional\proc\p18F2455.asm
                  TBLPTRL   0x000ff6       data     extern C:\MCC18\src\traditional\proc\p18F2455.asm
                   TBLPTR   0x000ff6       data     extern C:\MCC18\src\traditional\proc\p18F2455.asm
                  TBLPTRH   0x000ff7       data     extern C:\MCC18\src\traditional\proc\p18F2455.asm
                  TBLPTRU   0x000ff8       data     extern C:\MCC18\src\traditional\proc\p18F2455.asm
                       PC   0x000ff9       data     extern C:\MCC18\src\traditional\proc\p18F2455.asm
                      PCL   0x000ff9       data     extern C:\MCC18\src\traditional\proc\p18F2455.asm
                   PCLATH   0x000ffa       data     extern C:\MCC18\src\traditional\proc\p18F2455.asm
                   PCLATU   0x000ffb       data     extern C:\MCC18\src\traditional\proc\p18F2455.asm
               STKPTRbits   0x000ffc       data     extern C:\MCC18\src\traditional\proc\p18F2455.asm
                   STKPTR   0x000ffc       data     extern C:\MCC18\src\traditional\proc\p18F2455.asm
                     TOSL   0x000ffd       data     extern C:\MCC18\src\traditional\proc\p18F2455.asm
                      TOS   0x000ffd       data     extern C:\MCC18\src\traditional\proc\p18F2455.asm
                     TOSH   0x000ffe       data     extern C:\MCC18\src\traditional\proc\p18F2455.asm
                     TOSU   0x000fff       data     extern C:\MCC18\src\traditional\proc\p18F2455.asm


